[1/240] gen_n10000_rho0.3_anti-correlated_seed0.pcf: ok (2 rows)
[2/240] gen_n10000_rho0.3_anti-correlated_seed1.pcf: ok (2 rows)
[3/240] gen_n10000_rho0.3_anti-correlated_seed2.pcf: ok (2 rows)
[4/240] gen_n10000_rho0.3_anti-correlated_seed3.pcf: ok (2 rows)
[5/240] gen_n10000_rho0.3_anti-correlated_seed4.pcf: ok (2 rows)
[6/240] gen_n10000_rho0.3_anti-correlated_seed5.pcf: ok (2 rows)
[7/240] gen_n10000_rho0.3_anti-correlated_seed6.pcf: ok (2 rows)
[8/240] gen_n10000_rho0.3_anti-correlated_seed7.pcf: ok (2 rows)
[9/240] gen_n10000_rho0.3_anti-correlated_seed8.pcf: ok (2 rows)
[10/240] gen_n10000_rho0.3_anti-correlated_seed9.pcf: ok (2 rows)
[11/240] gen_n10000_rho0.3_correlated_seed0.pcf: ok (2 rows)
[12/240] gen_n10000_rho0.3_correlated_seed1.pcf: ok (2 rows)
[13/240] gen_n10000_rho0.3_correlated_seed2.pcf: ok (2 rows)
[14/240] gen_n10000_rho0.3_correlated_seed3.pcf: ok (2 rows)
[15/240] gen_n10000_rho0.3_correlated_seed4.pcf: ok (2 rows)
[16/240] gen_n10000_rho0.3_correlated_seed5.pcf: ok (2 rows)
[17/240] gen_n10000_rho0.3_correlated_seed6.pcf: ok (2 rows)
[18/240] gen_n10000_rho0.3_correlated_seed7.pcf: ok (2 rows)
[19/240] gen_n10000_rho0.3_correlated_seed8.pcf: ok (2 rows)
[20/240] gen_n10000_rho0.3_correlated_seed9.pcf: ok (2 rows)
[21/240] gen_n10000_rho0.3_exact-ties_seed0.pcf: ok (2 rows)
[22/240] gen_n10000_rho0.3_exact-ties_seed1.pcf: ok (2 rows)
[23/240] gen_n10000_rho0.3_exact-ties_seed2.pcf: ok (2 rows)
[24/240] gen_n10000_rho0.3_exact-ties_seed3.pcf: ok (2 rows)
[25/240] gen_n10000_rho0.3_exact-ties_seed4.pcf: ok (2 rows)
[26/240] gen_n10000_rho0.3_exact-ties_seed5.pcf: ok (2 rows)
[27/240] gen_n10000_rho0.3_exact-ties_seed6.pcf: ok (2 rows)
[28/240] gen_n10000_rho0.3_exact-ties_seed7.pcf: ok (2 rows)
[29/240] gen_n10000_rho0.3_exact-ties_seed8.pcf: ok (2 rows)
[30/240] gen_n10000_rho0.3_exact-ties_seed9.pcf: ok (2 rows)
[31/240] gen_n10000_rho0.3_independent-positive_seed0.pcf: ok (2 rows)
[32/240] gen_n10000_rho0.3_independent-positive_seed1.pcf: ok (2 rows)
[33/240] gen_n10000_rho0.3_independent-positive_seed2.pcf: ok (2 rows)
[34/240] gen_n10000_rho0.3_independent-positive_seed3.pcf: ok (2 rows)
[35/240] gen_n10000_rho0.3_independent-positive_seed4.pcf: ok (2 rows)
[36/240] gen_n10000_rho0.3_independent-positive_seed5.pcf: ok (2 rows)
[37/240] gen_n10000_rho0.3_independent-positive_seed6.pcf: ok (2 rows)
[38/240] gen_n10000_rho0.3_independent-positive_seed7.pcf: ok (2 rows)
[39/240] gen_n10000_rho0.3_independent-positive_seed8.pcf: ok (2 rows)
[40/240] gen_n10000_rho0.3_independent-positive_seed9.pcf: ok (2 rows)
[41/240] gen_n10000_rho0.3_independent-signed_seed0.pcf: ok (2 rows)
[42/240] gen_n10000_rho0.3_independent-signed_seed1.pcf: ok (2 rows)
[43/240] gen_n10000_rho0.3_independent-signed_seed2.pcf: ok (2 rows)
[44/240] gen_n10000_rho0.3_independent-signed_seed3.pcf: ok (2 rows)
[45/240] gen_n10000_rho0.3_independent-signed_seed4.pcf: ok (2 rows)
[46/240] gen_n10000_rho0.3_independent-signed_seed5.pcf: ok (2 rows)
[47/240] gen_n10000_rho0.3_independent-signed_seed6.pcf: ok (2 rows)
[48/240] gen_n10000_rho0.3_independent-signed_seed7.pcf: ok (2 rows)
[49/240] gen_n10000_rho0.3_independent-signed_seed8.pcf: ok (2 rows)
[50/240] gen_n10000_rho0.3_independent-signed_seed9.pcf: ok (2 rows)
[51/240] gen_n10000_rho0.3_near-ties_seed0.pcf: ok (2 rows)
[52/240] gen_n10000_rho0.3_near-ties_seed1.pcf: ok (2 rows)
[53/240] gen_n10000_rho0.3_near-ties_seed2.pcf: ok (2 rows)
[54/240] gen_n10000_rho0.3_near-ties_seed3.pcf: ok (2 rows)
[55/240] gen_n10000_rho0.3_near-ties_seed4.pcf: ok (2 rows)
[56/240] gen_n10000_rho0.3_near-ties_seed5.pcf: ok (2 rows)
[57/240] gen_n10000_rho0.3_near-ties_seed6.pcf: ok (2 rows)
[58/240] gen_n10000_rho0.3_near-ties_seed7.pcf: ok (2 rows)
[59/240] gen_n10000_rho0.3_near-ties_seed8.pcf: ok (2 rows)
[60/240] gen_n10000_rho0.3_near-ties_seed9.pcf: ok (2 rows)
[61/240] gen_n10000_rho0.6_anti-correlated_seed0.pcf: ok (2 rows)
[62/240] gen_n10000_rho0.6_anti-correlated_seed1.pcf: ok (2 rows)
[63/240] gen_n10000_rho0.6_anti-correlated_seed2.pcf: ok (2 rows)
[64/240] gen_n10000_rho0.6_anti-correlated_seed3.pcf: ok (2 rows)
[65/240] gen_n10000_rho0.6_anti-correlated_seed4.pcf: ok (2 rows)
[66/240] gen_n10000_rho0.6_anti-correlated_seed5.pcf: ok (2 rows)
[67/240] gen_n10000_rho0.6_anti-correlated_seed6.pcf: ok (2 rows)
[68/240] gen_n10000_rho0.6_anti-correlated_seed7.pcf: ok (2 rows)
[69/240] gen_n10000_rho0.6_anti-correlated_seed8.pcf: ok (2 rows)
[70/240] gen_n10000_rho0.6_anti-correlated_seed9.pcf: ok (2 rows)
[71/240] gen_n10000_rho0.6_correlated_seed0.pcf: ok (2 rows)
[72/240] gen_n10000_rho0.6_correlated_seed1.pcf: ok (2 rows)
[73/240] gen_n10000_rho0.6_correlated_seed2.pcf: ok (2 rows)
[74/240] gen_n10000_rho0.6_correlated_seed3.pcf: ok (2 rows)
[75/240] gen_n10000_rho0.6_correlated_seed4.pcf: ok (2 rows)
[76/240] gen_n10000_rho0.6_correlated_seed5.pcf: ok (2 rows)
[77/240] gen_n10000_rho0.6_correlated_seed6.pcf: ok (2 rows)
[78/240] gen_n10000_rho0.6_correlated_seed7.pcf: ok (2 rows)
[79/240] gen_n10000_rho0.6_correlated_seed8.pcf: ok (2 rows)
[80/240] gen_n10000_rho0.6_correlated_seed9.pcf: ok (2 rows)
[81/240] gen_n10000_rho0.6_exact-ties_seed0.pcf: ok (2 rows)
[82/240] gen_n10000_rho0.6_exact-ties_seed1.pcf: ok (2 rows)
[83/240] gen_n10000_rho0.6_exact-ties_seed2.pcf: ok (2 rows)
[84/240] gen_n10000_rho0.6_exact-ties_seed3.pcf: ok (2 rows)
[85/240] gen_n10000_rho0.6_exact-ties_seed4.pcf: ok (2 rows)
[86/240] gen_n10000_rho0.6_exact-ties_seed5.pcf: ok (2 rows)
[87/240] gen_n10000_rho0.6_exact-ties_seed6.pcf: ok (2 rows)
[88/240] gen_n10000_rho0.6_exact-ties_seed7.pcf: ok (2 rows)
[89/240] gen_n10000_rho0.6_exact-ties_seed8.pcf: ok (2 rows)
[90/240] gen_n10000_rho0.6_exact-ties_seed9.pcf: ok (2 rows)
[91/240] gen_n10000_rho0.6_independent-positive_seed0.pcf: ok (2 rows)
[92/240] gen_n10000_rho0.6_independent-positive_seed1.pcf: ok (2 rows)
[93/240] gen_n10000_rho0.6_independent-positive_seed2.pcf: ok (2 rows)
[94/240] gen_n10000_rho0.6_independent-positive_seed3.pcf: ok (2 rows)
[95/240] gen_n10000_rho0.6_independent-positive_seed4.pcf: ok (2 rows)
[96/240] gen_n10000_rho0.6_independent-positive_seed5.pcf: ok (2 rows)
[97/240] gen_n10000_rho0.6_independent-positive_seed6.pcf: ok (2 rows)
[98/240] gen_n10000_rho0.6_independent-positive_seed7.pcf: ok (2 rows)
[99/240] gen_n10000_rho0.6_independent-positive_seed8.pcf: ok (2 rows)
[100/240] gen_n10000_rho0.6_independent-positive_seed9.pcf: ok (2 rows)
[101/240] gen_n10000_rho0.6_independent-signed_seed0.pcf: ok (2 rows)
[102/240] gen_n10000_rho0.6_independent-signed_seed1.pcf: ok (2 rows)
[103/240] gen_n10000_rho0.6_independent-signed_seed2.pcf: ok (2 rows)
[104/240] gen_n10000_rho0.6_independent-signed_seed3.pcf: ok (2 rows)
[105/240] gen_n10000_rho0.6_independent-signed_seed4.pcf: ok (2 rows)
[106/240] gen_n10000_rho0.6_independent-signed_seed5.pcf: ok (2 rows)
[107/240] gen_n10000_rho0.6_independent-signed_seed6.pcf: ok (2 rows)
[108/240] gen_n10000_rho0.6_independent-signed_seed7.pcf: ok (2 rows)
[109/240] gen_n10000_rho0.6_independent-signed_seed8.pcf: ok (2 rows)
[110/240] gen_n10000_rho0.6_independent-signed_seed9.pcf: ok (2 rows)
[111/240] gen_n10000_rho0.6_near-ties_seed0.pcf: ok (2 rows)
[112/240] gen_n10000_rho0.6_near-ties_seed1.pcf: ok (2 rows)
[113/240] gen_n10000_rho0.6_near-ties_seed2.pcf: ok (2 rows)
[114/240] gen_n10000_rho0.6_near-ties_seed3.pcf: ok (2 rows)
[115/240] gen_n10000_rho0.6_near-ties_seed4.pcf: ok (2 rows)
[116/240] gen_n10000_rho0.6_near-ties_seed5.pcf: ok (2 rows)
[117/240] gen_n10000_rho0.6_near-ties_seed6.pcf: ok (2 rows)
[118/240] gen_n10000_rho0.6_near-ties_seed7.pcf: ok (2 rows)
[119/240] gen_n10000_rho0.6_near-ties_seed8.pcf: ok (2 rows)
[120/240] gen_n10000_rho0.6_near-ties_seed9.pcf: ok (2 rows)
[121/240] gen_n10000_rho0.9_anti-correlated_seed0.pcf: ok (2 rows)
[122/240] gen_n10000_rho0.9_anti-correlated_seed1.pcf: ok (2 rows)
[123/240] gen_n10000_rho0.9_anti-correlated_seed2.pcf: ok (2 rows)
[124/240] gen_n10000_rho0.9_anti-correlated_seed3.pcf: ok (2 rows)
[125/240] gen_n10000_rho0.9_anti-correlated_seed4.pcf: ok (2 rows)
[126/240] gen_n10000_rho0.9_anti-correlated_seed5.pcf: ok (2 rows)
[127/240] gen_n10000_rho0.9_anti-correlated_seed6.pcf: ok (2 rows)
[128/240] gen_n10000_rho0.9_anti-correlated_seed7.pcf: ok (2 rows)
[129/240] gen_n10000_rho0.9_anti-correlated_seed8.pcf: ok (2 rows)
[130/240] gen_n10000_rho0.9_anti-correlated_seed9.pcf: ok (2 rows)
[131/240] gen_n10000_rho0.9_correlated_seed0.pcf: ok (2 rows)
[132/240] gen_n10000_rho0.9_correlated_seed1.pcf: ok (2 rows)
[133/240] gen_n10000_rho0.9_correlated_seed2.pcf: ok (2 rows)
[134/240] gen_n10000_rho0.9_correlated_seed3.pcf: ok (2 rows)
[135/240] gen_n10000_rho0.9_correlated_seed4.pcf: ok (2 rows)
[136/240] gen_n10000_rho0.9_correlated_seed5.pcf: ok (2 rows)
[137/240] gen_n10000_rho0.9_correlated_seed6.pcf: ok (2 rows)
[138/240] gen_n10000_rho0.9_correlated_seed7.pcf: ok (2 rows)
[139/240] gen_n10000_rho0.9_correlated_seed8.pcf: ok (2 rows)
[140/240] gen_n10000_rho0.9_correlated_seed9.pcf: ok (2 rows)
[141/240] gen_n10000_rho0.9_exact-ties_seed0.pcf: ok (2 rows)
[142/240] gen_n10000_rho0.9_exact-ties_seed1.pcf: ok (2 rows)
[143/240] gen_n10000_rho0.9_exact-ties_seed2.pcf: ok (2 rows)
[144/240] gen_n10000_rho0.9_exact-ties_seed3.pcf: ok (2 rows)
[145/240] gen_n10000_rho0.9_exact-ties_seed4.pcf: ok (2 rows)
[146/240] gen_n10000_rho0.9_exact-ties_seed5.pcf: ok (2 rows)
[147/240] gen_n10000_rho0.9_exact-ties_seed6.pcf: ok (2 rows)
[148/240] gen_n10000_rho0.9_exact-ties_seed7.pcf: ok (2 rows)
[149/240] gen_n10000_rho0.9_exact-ties_seed8.pcf: ok (2 rows)
[150/240] gen_n10000_rho0.9_exact-ties_seed9.pcf: ok (2 rows)
[151/240] gen_n10000_rho0.9_independent-positive_seed0.pcf: ok (2 rows)
[152/240] gen_n10000_rho0.9_independent-positive_seed1.pcf: ok (2 rows)
[153/240] gen_n10000_rho0.9_independent-positive_seed2.pcf: ok (2 rows)
[154/240] gen_n10000_rho0.9_independent-positive_seed3.pcf: ok (2 rows)
[155/240] gen_n10000_rho0.9_independent-positive_seed4.pcf: ok (2 rows)
[156/240] gen_n10000_rho0.9_independent-positive_seed5.pcf: ok (2 rows)
[157/240] gen_n10000_rho0.9_independent-positive_seed6.pcf: ok (2 rows)
[158/240] gen_n10000_rho0.9_independent-positive_seed7.pcf: ok (2 rows)
[159/240] gen_n10000_rho0.9_independent-positive_seed8.pcf: ok (2 rows)
[160/240] gen_n10000_rho0.9_independent-positive_seed9.pcf: ok (2 rows)
[161/240] gen_n10000_rho0.9_independent-signed_seed0.pcf: ok (2 rows)
[162/240] gen_n10000_rho0.9_independent-signed_seed1.pcf: ok (2 rows)
[163/240] gen_n10000_rho0.9_independent-signed_seed2.pcf: ok (2 rows)
[164/240] gen_n10000_rho0.9_independent-signed_seed3.pcf: ok (2 rows)
[165/240] gen_n10000_rho0.9_independent-signed_seed4.pcf: ok (2 rows)
[166/240] gen_n10000_rho0.9_independent-signed_seed5.pcf: ok (2 rows)
[167/240] gen_n10000_rho0.9_independent-signed_seed6.pcf: ok (2 rows)
[168/240] gen_n10000_rho0.9_independent-signed_seed7.pcf: ok (2 rows)
[169/240] gen_n10000_rho0.9_independent-signed_seed8.pcf: ok (2 rows)
[170/240] gen_n10000_rho0.9_independent-signed_seed9.pcf: ok (2 rows)
[171/240] gen_n10000_rho0.9_near-ties_seed0.pcf: ok (2 rows)
[172/240] gen_n10000_rho0.9_near-ties_seed1.pcf: ok (2 rows)
[173/240] gen_n10000_rho0.9_near-ties_seed2.pcf: ok (2 rows)
[174/240] gen_n10000_rho0.9_near-ties_seed3.pcf: ok (2 rows)
[175/240] gen_n10000_rho0.9_near-ties_seed4.pcf: ok (2 rows)
[176/240] gen_n10000_rho0.9_near-ties_seed5.pcf: ok (2 rows)
[177/240] gen_n10000_rho0.9_near-ties_seed6.pcf: ok (2 rows)
[178/240] gen_n10000_rho0.9_near-ties_seed7.pcf: ok (2 rows)
[179/240] gen_n10000_rho0.9_near-ties_seed8.pcf: ok (2 rows)
[180/240] gen_n10000_rho0.9_near-ties_seed9.pcf: ok (2 rows)
[181/240] gen_n10000_rho1.0_anti-correlated_seed0.pcf: ok (2 rows)
[182/240] gen_n10000_rho1.0_anti-correlated_seed1.pcf: ok (2 rows)
[183/240] gen_n10000_rho1.0_anti-correlated_seed2.pcf: ok (2 rows)
[184/240] gen_n10000_rho1.0_anti-correlated_seed3.pcf: ok (2 rows)
[185/240] gen_n10000_rho1.0_anti-correlated_seed4.pcf: ok (2 rows)
[186/240] gen_n10000_rho1.0_anti-correlated_seed5.pcf: ok (2 rows)
[187/240] gen_n10000_rho1.0_anti-correlated_seed6.pcf: ok (2 rows)
[188/240] gen_n10000_rho1.0_anti-correlated_seed7.pcf: ok (2 rows)
[189/240] gen_n10000_rho1.0_anti-correlated_seed8.pcf: ok (2 rows)
[190/240] gen_n10000_rho1.0_anti-correlated_seed9.pcf: ok (2 rows)
[191/240] gen_n10000_rho1.0_correlated_seed0.pcf: ok (2 rows)
[192/240] gen_n10000_rho1.0_correlated_seed1.pcf: ok (2 rows)
[193/240] gen_n10000_rho1.0_correlated_seed2.pcf: ok (2 rows)
[194/240] gen_n10000_rho1.0_correlated_seed3.pcf: ok (2 rows)
[195/240] gen_n10000_rho1.0_correlated_seed4.pcf: ok (2 rows)
[196/240] gen_n10000_rho1.0_correlated_seed5.pcf: ok (2 rows)
[197/240] gen_n10000_rho1.0_correlated_seed6.pcf: ok (2 rows)
[198/240] gen_n10000_rho1.0_correlated_seed7.pcf: ok (2 rows)
[199/240] gen_n10000_rho1.0_correlated_seed8.pcf: ok (2 rows)
[200/240] gen_n10000_rho1.0_correlated_seed9.pcf: ok (2 rows)
[201/240] gen_n10000_rho1.0_exact-ties_seed0.pcf: ok (2 rows)
[202/240] gen_n10000_rho1.0_exact-ties_seed1.pcf: ok (2 rows)
[203/240] gen_n10000_rho1.0_exact-ties_seed2.pcf: ok (2 rows)
[204/240] gen_n10000_rho1.0_exact-ties_seed3.pcf: ok (2 rows)
[205/240] gen_n10000_rho1.0_exact-ties_seed4.pcf: ok (2 rows)
[206/240] gen_n10000_rho1.0_exact-ties_seed5.pcf: ok (2 rows)
[207/240] gen_n10000_rho1.0_exact-ties_seed6.pcf: ok (2 rows)
[208/240] gen_n10000_rho1.0_exact-ties_seed7.pcf: ok (2 rows)
[209/240] gen_n10000_rho1.0_exact-ties_seed8.pcf: ok (2 rows)
[210/240] gen_n10000_rho1.0_exact-ties_seed9.pcf: ok (2 rows)
[211/240] gen_n10000_rho1.0_independent-positive_seed0.pcf: ok (2 rows)
[212/240] gen_n10000_rho1.0_independent-positive_seed1.pcf: ok (2 rows)
[213/240] gen_n10000_rho1.0_independent-positive_seed2.pcf: ok (2 rows)
[214/240] gen_n10000_rho1.0_independent-positive_seed3.pcf: ok (2 rows)
[215/240] gen_n10000_rho1.0_independent-positive_seed4.pcf: ok (2 rows)
[216/240] gen_n10000_rho1.0_independent-positive_seed5.pcf: ok (2 rows)
[217/240] gen_n10000_rho1.0_independent-positive_seed6.pcf: ok (2 rows)
[218/240] gen_n10000_rho1.0_independent-positive_seed7.pcf: ok (2 rows)
[219/240] gen_n10000_rho1.0_independent-positive_seed8.pcf: ok (2 rows)
[220/240] gen_n10000_rho1.0_independent-positive_seed9.pcf: ok (2 rows)
[221/240] gen_n10000_rho1.0_independent-signed_seed0.pcf: ok (2 rows)
[222/240] gen_n10000_rho1.0_independent-signed_seed1.pcf: ok (2 rows)
[223/240] gen_n10000_rho1.0_independent-signed_seed2.pcf: ok (2 rows)
[224/240] gen_n10000_rho1.0_independent-signed_seed3.pcf: ok (2 rows)
[225/240] gen_n10000_rho1.0_independent-signed_seed4.pcf: ok (2 rows)
[226/240] gen_n10000_rho1.0_independent-signed_seed5.pcf: ok (2 rows)
[227/240] gen_n10000_rho1.0_independent-signed_seed6.pcf: ok (2 rows)
[228/240] gen_n10000_rho1.0_independent-signed_seed7.pcf: ok (2 rows)
[229/240] gen_n10000_rho1.0_independent-signed_seed8.pcf: ok (2 rows)
[230/240] gen_n10000_rho1.0_independent-signed_seed9.pcf: ok (2 rows)
[231/240] gen_n10000_rho1.0_near-ties_seed0.pcf: ok (2 rows)
[232/240] gen_n10000_rho1.0_near-ties_seed1.pcf: ok (2 rows)
[233/240] gen_n10000_rho1.0_near-ties_seed2.pcf: ok (2 rows)
[234/240] gen_n10000_rho1.0_near-ties_seed3.pcf: ok (2 rows)
[235/240] gen_n10000_rho1.0_near-ties_seed4.pcf: ok (2 rows)
[236/240] gen_n10000_rho1.0_near-ties_seed5.pcf: ok (2 rows)
[237/240] gen_n10000_rho1.0_near-ties_seed6.pcf: ok (2 rows)
[238/240] gen_n10000_rho1.0_near-ties_seed7.pcf: ok (2 rows)
[239/240] gen_n10000_rho1.0_near-ties_seed8.pcf: ok (2 rows)
[240/240] gen_n10000_rho1.0_near-ties_seed9.pcf: ok (2 rows)
wrote results/raw/campaign_c_dpac.csv (480 rows), results/raw/campaign_c_dpac.failures.csv (0 censored instances)
