=== waiting for the dual/n20000 follow-up (PID 523106) to finish ===
=== starting targeted PaC-only reruns at 2026-08-31T09:01:01Z ===
=== campaign_c pac_subset (n=10000) ===
[1/240] gen_n10000_rho0.3_anti-correlated_seed0.pcf: ok (2 rows)
[2/240] gen_n10000_rho0.3_anti-correlated_seed1.pcf: ok (2 rows)
[3/240] gen_n10000_rho0.3_anti-correlated_seed2.pcf: ok (2 rows)
[4/240] gen_n10000_rho0.3_anti-correlated_seed3.pcf: ok (2 rows)
[5/240] gen_n10000_rho0.3_anti-correlated_seed4.pcf: ok (2 rows)
[6/240] gen_n10000_rho0.3_anti-correlated_seed5.pcf: ok (2 rows)
[7/240] gen_n10000_rho0.3_anti-correlated_seed6.pcf: ok (2 rows)
[8/240] gen_n10000_rho0.3_anti-correlated_seed7.pcf: ok (2 rows)
[9/240] gen_n10000_rho0.3_anti-correlated_seed8.pcf: ok (2 rows)
[10/240] gen_n10000_rho0.3_anti-correlated_seed9.pcf: ok (2 rows)
[11/240] gen_n10000_rho0.3_correlated_seed0.pcf: ok (2 rows)
[12/240] gen_n10000_rho0.3_correlated_seed1.pcf: ok (2 rows)
[13/240] gen_n10000_rho0.3_correlated_seed2.pcf: ok (2 rows)
[14/240] gen_n10000_rho0.3_correlated_seed3.pcf: ok (2 rows)
[15/240] gen_n10000_rho0.3_correlated_seed4.pcf: ok (2 rows)
[16/240] gen_n10000_rho0.3_correlated_seed5.pcf: ok (2 rows)
[17/240] gen_n10000_rho0.3_correlated_seed6.pcf: ok (2 rows)
[18/240] gen_n10000_rho0.3_correlated_seed7.pcf: ok (2 rows)
[19/240] gen_n10000_rho0.3_correlated_seed8.pcf: ok (2 rows)
[20/240] gen_n10000_rho0.3_correlated_seed9.pcf: ok (2 rows)
[21/240] gen_n10000_rho0.3_exact-ties_seed0.pcf: ok (2 rows)
[22/240] gen_n10000_rho0.3_exact-ties_seed1.pcf: ok (2 rows)
[23/240] gen_n10000_rho0.3_exact-ties_seed2.pcf: ok (2 rows)
[24/240] gen_n10000_rho0.3_exact-ties_seed3.pcf: ok (2 rows)
[25/240] gen_n10000_rho0.3_exact-ties_seed4.pcf: ok (2 rows)
[26/240] gen_n10000_rho0.3_exact-ties_seed5.pcf: ok (2 rows)
[27/240] gen_n10000_rho0.3_exact-ties_seed6.pcf: ok (2 rows)
[28/240] gen_n10000_rho0.3_exact-ties_seed7.pcf: ok (2 rows)
[29/240] gen_n10000_rho0.3_exact-ties_seed8.pcf: ok (2 rows)
[30/240] gen_n10000_rho0.3_exact-ties_seed9.pcf: ok (2 rows)
[31/240] gen_n10000_rho0.3_independent-positive_seed0.pcf: ok (2 rows)
[32/240] gen_n10000_rho0.3_independent-positive_seed1.pcf: ok (2 rows)
[33/240] gen_n10000_rho0.3_independent-positive_seed2.pcf: ok (2 rows)
[34/240] gen_n10000_rho0.3_independent-positive_seed3.pcf: ok (2 rows)
[35/240] gen_n10000_rho0.3_independent-positive_seed4.pcf: ok (2 rows)
[36/240] gen_n10000_rho0.3_independent-positive_seed5.pcf: ok (2 rows)
[37/240] gen_n10000_rho0.3_independent-positive_seed6.pcf: ok (2 rows)
[38/240] gen_n10000_rho0.3_independent-positive_seed7.pcf: ok (2 rows)
[39/240] gen_n10000_rho0.3_independent-positive_seed8.pcf: ok (2 rows)
[40/240] gen_n10000_rho0.3_independent-positive_seed9.pcf: ok (2 rows)
[41/240] gen_n10000_rho0.3_independent-signed_seed0.pcf: ok (2 rows)
[42/240] gen_n10000_rho0.3_independent-signed_seed1.pcf: ok (2 rows)
[43/240] gen_n10000_rho0.3_independent-signed_seed2.pcf: ok (2 rows)
[44/240] gen_n10000_rho0.3_independent-signed_seed3.pcf: ok (2 rows)
[45/240] gen_n10000_rho0.3_independent-signed_seed4.pcf: ok (2 rows)
[46/240] gen_n10000_rho0.3_independent-signed_seed5.pcf: ok (2 rows)
[47/240] gen_n10000_rho0.3_independent-signed_seed6.pcf: ok (2 rows)
[48/240] gen_n10000_rho0.3_independent-signed_seed7.pcf: ok (2 rows)
[49/240] gen_n10000_rho0.3_independent-signed_seed8.pcf: ok (2 rows)
[50/240] gen_n10000_rho0.3_independent-signed_seed9.pcf: ok (2 rows)
[51/240] gen_n10000_rho0.3_near-ties_seed0.pcf: ok (2 rows)
[52/240] gen_n10000_rho0.3_near-ties_seed1.pcf: ok (2 rows)
[53/240] gen_n10000_rho0.3_near-ties_seed2.pcf: ok (2 rows)
[54/240] gen_n10000_rho0.3_near-ties_seed3.pcf: ok (2 rows)
[55/240] gen_n10000_rho0.3_near-ties_seed4.pcf: ok (2 rows)
[56/240] gen_n10000_rho0.3_near-ties_seed5.pcf: ok (2 rows)
[57/240] gen_n10000_rho0.3_near-ties_seed6.pcf: ok (2 rows)
[58/240] gen_n10000_rho0.3_near-ties_seed7.pcf: ok (2 rows)
[59/240] gen_n10000_rho0.3_near-ties_seed8.pcf: ok (2 rows)
[60/240] gen_n10000_rho0.3_near-ties_seed9.pcf: ok (2 rows)
[61/240] gen_n10000_rho0.6_anti-correlated_seed0.pcf: ok (2 rows)
[62/240] gen_n10000_rho0.6_anti-correlated_seed1.pcf: ok (2 rows)
[63/240] gen_n10000_rho0.6_anti-correlated_seed2.pcf: ok (2 rows)
[64/240] gen_n10000_rho0.6_anti-correlated_seed3.pcf: ok (2 rows)
[65/240] gen_n10000_rho0.6_anti-correlated_seed4.pcf: ok (2 rows)
[66/240] gen_n10000_rho0.6_anti-correlated_seed5.pcf: ok (2 rows)
[67/240] gen_n10000_rho0.6_anti-correlated_seed6.pcf: ok (2 rows)
[68/240] gen_n10000_rho0.6_anti-correlated_seed7.pcf: ok (2 rows)
[69/240] gen_n10000_rho0.6_anti-correlated_seed8.pcf: ok (2 rows)
[70/240] gen_n10000_rho0.6_anti-correlated_seed9.pcf: ok (2 rows)
[71/240] gen_n10000_rho0.6_correlated_seed0.pcf: ok (2 rows)
[72/240] gen_n10000_rho0.6_correlated_seed1.pcf: ok (2 rows)
[73/240] gen_n10000_rho0.6_correlated_seed2.pcf: ok (2 rows)
[74/240] gen_n10000_rho0.6_correlated_seed3.pcf: ok (2 rows)
[75/240] gen_n10000_rho0.6_correlated_seed4.pcf: ok (2 rows)
[76/240] gen_n10000_rho0.6_correlated_seed5.pcf: ok (2 rows)
[77/240] gen_n10000_rho0.6_correlated_seed6.pcf: ok (2 rows)
[78/240] gen_n10000_rho0.6_correlated_seed7.pcf: ok (2 rows)
[79/240] gen_n10000_rho0.6_correlated_seed8.pcf: ok (2 rows)
[80/240] gen_n10000_rho0.6_correlated_seed9.pcf: ok (2 rows)
[81/240] gen_n10000_rho0.6_exact-ties_seed0.pcf: ok (2 rows)
[82/240] gen_n10000_rho0.6_exact-ties_seed1.pcf: ok (2 rows)
[83/240] gen_n10000_rho0.6_exact-ties_seed2.pcf: ok (2 rows)
[84/240] gen_n10000_rho0.6_exact-ties_seed3.pcf: ok (2 rows)
[85/240] gen_n10000_rho0.6_exact-ties_seed4.pcf: ok (2 rows)
[86/240] gen_n10000_rho0.6_exact-ties_seed5.pcf: ok (2 rows)
[87/240] gen_n10000_rho0.6_exact-ties_seed6.pcf: ok (2 rows)
[88/240] gen_n10000_rho0.6_exact-ties_seed7.pcf: ok (2 rows)
[89/240] gen_n10000_rho0.6_exact-ties_seed8.pcf: ok (2 rows)
[90/240] gen_n10000_rho0.6_exact-ties_seed9.pcf: ok (2 rows)
[91/240] gen_n10000_rho0.6_independent-positive_seed0.pcf: ok (2 rows)
[92/240] gen_n10000_rho0.6_independent-positive_seed1.pcf: ok (2 rows)
[93/240] gen_n10000_rho0.6_independent-positive_seed2.pcf: ok (2 rows)
[94/240] gen_n10000_rho0.6_independent-positive_seed3.pcf: ok (2 rows)
[95/240] gen_n10000_rho0.6_independent-positive_seed4.pcf: ok (2 rows)
[96/240] gen_n10000_rho0.6_independent-positive_seed5.pcf: ok (2 rows)
[97/240] gen_n10000_rho0.6_independent-positive_seed6.pcf: ok (2 rows)
[98/240] gen_n10000_rho0.6_independent-positive_seed7.pcf: ok (2 rows)
[99/240] gen_n10000_rho0.6_independent-positive_seed8.pcf: ok (2 rows)
[100/240] gen_n10000_rho0.6_independent-positive_seed9.pcf: ok (2 rows)
[101/240] gen_n10000_rho0.6_independent-signed_seed0.pcf: ok (2 rows)
[102/240] gen_n10000_rho0.6_independent-signed_seed1.pcf: ok (2 rows)
[103/240] gen_n10000_rho0.6_independent-signed_seed2.pcf: ok (2 rows)
[104/240] gen_n10000_rho0.6_independent-signed_seed3.pcf: ok (2 rows)
[105/240] gen_n10000_rho0.6_independent-signed_seed4.pcf: ok (2 rows)
[106/240] gen_n10000_rho0.6_independent-signed_seed5.pcf: ok (2 rows)
[107/240] gen_n10000_rho0.6_independent-signed_seed6.pcf: ok (2 rows)
[108/240] gen_n10000_rho0.6_independent-signed_seed7.pcf: ok (2 rows)
[109/240] gen_n10000_rho0.6_independent-signed_seed8.pcf: ok (2 rows)
[110/240] gen_n10000_rho0.6_independent-signed_seed9.pcf: ok (2 rows)
[111/240] gen_n10000_rho0.6_near-ties_seed0.pcf: ok (2 rows)
[112/240] gen_n10000_rho0.6_near-ties_seed1.pcf: ok (2 rows)
[113/240] gen_n10000_rho0.6_near-ties_seed2.pcf: ok (2 rows)
[114/240] gen_n10000_rho0.6_near-ties_seed3.pcf: ok (2 rows)
[115/240] gen_n10000_rho0.6_near-ties_seed4.pcf: ok (2 rows)
[116/240] gen_n10000_rho0.6_near-ties_seed5.pcf: ok (2 rows)
[117/240] gen_n10000_rho0.6_near-ties_seed6.pcf: ok (2 rows)
[118/240] gen_n10000_rho0.6_near-ties_seed7.pcf: ok (2 rows)
[119/240] gen_n10000_rho0.6_near-ties_seed8.pcf: ok (2 rows)
[120/240] gen_n10000_rho0.6_near-ties_seed9.pcf: ok (2 rows)
[121/240] gen_n10000_rho0.9_anti-correlated_seed0.pcf: ok (2 rows)
[122/240] gen_n10000_rho0.9_anti-correlated_seed1.pcf: ok (2 rows)
[123/240] gen_n10000_rho0.9_anti-correlated_seed2.pcf: ok (2 rows)
[124/240] gen_n10000_rho0.9_anti-correlated_seed3.pcf: ok (2 rows)
[125/240] gen_n10000_rho0.9_anti-correlated_seed4.pcf: ok (2 rows)
[126/240] gen_n10000_rho0.9_anti-correlated_seed5.pcf: ok (2 rows)
[127/240] gen_n10000_rho0.9_anti-correlated_seed6.pcf: ok (2 rows)
[128/240] gen_n10000_rho0.9_anti-correlated_seed7.pcf: ok (2 rows)
[129/240] gen_n10000_rho0.9_anti-correlated_seed8.pcf: ok (2 rows)
[130/240] gen_n10000_rho0.9_anti-correlated_seed9.pcf: ok (2 rows)
[131/240] gen_n10000_rho0.9_correlated_seed0.pcf: ok (2 rows)
[132/240] gen_n10000_rho0.9_correlated_seed1.pcf: ok (2 rows)
[133/240] gen_n10000_rho0.9_correlated_seed2.pcf: ok (2 rows)
[134/240] gen_n10000_rho0.9_correlated_seed3.pcf: ok (2 rows)
[135/240] gen_n10000_rho0.9_correlated_seed4.pcf: ok (2 rows)
[136/240] gen_n10000_rho0.9_correlated_seed5.pcf: ok (2 rows)
[137/240] gen_n10000_rho0.9_correlated_seed6.pcf: ok (2 rows)
[138/240] gen_n10000_rho0.9_correlated_seed7.pcf: ok (2 rows)
[139/240] gen_n10000_rho0.9_correlated_seed8.pcf: ok (2 rows)
[140/240] gen_n10000_rho0.9_correlated_seed9.pcf: ok (2 rows)
[141/240] gen_n10000_rho0.9_exact-ties_seed0.pcf: ok (2 rows)
[142/240] gen_n10000_rho0.9_exact-ties_seed1.pcf: ok (2 rows)
[143/240] gen_n10000_rho0.9_exact-ties_seed2.pcf: ok (2 rows)
[144/240] gen_n10000_rho0.9_exact-ties_seed3.pcf: ok (2 rows)
[145/240] gen_n10000_rho0.9_exact-ties_seed4.pcf: ok (2 rows)
[146/240] gen_n10000_rho0.9_exact-ties_seed5.pcf: ok (2 rows)
[147/240] gen_n10000_rho0.9_exact-ties_seed6.pcf: ok (2 rows)
[148/240] gen_n10000_rho0.9_exact-ties_seed7.pcf: ok (2 rows)
[149/240] gen_n10000_rho0.9_exact-ties_seed8.pcf: ok (2 rows)
[150/240] gen_n10000_rho0.9_exact-ties_seed9.pcf: ok (2 rows)
[151/240] gen_n10000_rho0.9_independent-positive_seed0.pcf: ok (2 rows)
[152/240] gen_n10000_rho0.9_independent-positive_seed1.pcf: ok (2 rows)
[153/240] gen_n10000_rho0.9_independent-positive_seed2.pcf: ok (2 rows)
[154/240] gen_n10000_rho0.9_independent-positive_seed3.pcf: ok (2 rows)
[155/240] gen_n10000_rho0.9_independent-positive_seed4.pcf: ok (2 rows)
[156/240] gen_n10000_rho0.9_independent-positive_seed5.pcf: ok (2 rows)
[157/240] gen_n10000_rho0.9_independent-positive_seed6.pcf: ok (2 rows)
[158/240] gen_n10000_rho0.9_independent-positive_seed7.pcf: ok (2 rows)
[159/240] gen_n10000_rho0.9_independent-positive_seed8.pcf: ok (2 rows)
[160/240] gen_n10000_rho0.9_independent-positive_seed9.pcf: ok (2 rows)
[161/240] gen_n10000_rho0.9_independent-signed_seed0.pcf: ok (2 rows)
[162/240] gen_n10000_rho0.9_independent-signed_seed1.pcf: ok (2 rows)
[163/240] gen_n10000_rho0.9_independent-signed_seed2.pcf: ok (2 rows)
[164/240] gen_n10000_rho0.9_independent-signed_seed3.pcf: ok (2 rows)
[165/240] gen_n10000_rho0.9_independent-signed_seed4.pcf: ok (2 rows)
[166/240] gen_n10000_rho0.9_independent-signed_seed5.pcf: ok (2 rows)
[167/240] gen_n10000_rho0.9_independent-signed_seed6.pcf: ok (2 rows)
[168/240] gen_n10000_rho0.9_independent-signed_seed7.pcf: ok (2 rows)
[169/240] gen_n10000_rho0.9_independent-signed_seed8.pcf: ok (2 rows)
[170/240] gen_n10000_rho0.9_independent-signed_seed9.pcf: ok (2 rows)
[171/240] gen_n10000_rho0.9_near-ties_seed0.pcf: ok (2 rows)
[172/240] gen_n10000_rho0.9_near-ties_seed1.pcf: ok (2 rows)
[173/240] gen_n10000_rho0.9_near-ties_seed2.pcf: ok (2 rows)
[174/240] gen_n10000_rho0.9_near-ties_seed3.pcf: ok (2 rows)
[175/240] gen_n10000_rho0.9_near-ties_seed4.pcf: ok (2 rows)
[176/240] gen_n10000_rho0.9_near-ties_seed5.pcf: ok (2 rows)
[177/240] gen_n10000_rho0.9_near-ties_seed6.pcf: ok (2 rows)
[178/240] gen_n10000_rho0.9_near-ties_seed7.pcf: ok (2 rows)
[179/240] gen_n10000_rho0.9_near-ties_seed8.pcf: ok (2 rows)
[180/240] gen_n10000_rho0.9_near-ties_seed9.pcf: ok (2 rows)
[181/240] gen_n10000_rho1.0_anti-correlated_seed0.pcf: ok (2 rows)
[182/240] gen_n10000_rho1.0_anti-correlated_seed1.pcf: ok (2 rows)
[183/240] gen_n10000_rho1.0_anti-correlated_seed2.pcf: ok (2 rows)
[184/240] gen_n10000_rho1.0_anti-correlated_seed3.pcf: ok (2 rows)
[185/240] gen_n10000_rho1.0_anti-correlated_seed4.pcf: ok (2 rows)
[186/240] gen_n10000_rho1.0_anti-correlated_seed5.pcf: ok (2 rows)
[187/240] gen_n10000_rho1.0_anti-correlated_seed6.pcf: ok (2 rows)
[188/240] gen_n10000_rho1.0_anti-correlated_seed7.pcf: ok (2 rows)
[189/240] gen_n10000_rho1.0_anti-correlated_seed8.pcf: ok (2 rows)
[190/240] gen_n10000_rho1.0_anti-correlated_seed9.pcf: ok (2 rows)
[191/240] gen_n10000_rho1.0_correlated_seed0.pcf: ok (2 rows)
[192/240] gen_n10000_rho1.0_correlated_seed1.pcf: ok (2 rows)
[193/240] gen_n10000_rho1.0_correlated_seed2.pcf: ok (2 rows)
[194/240] gen_n10000_rho1.0_correlated_seed3.pcf: ok (2 rows)
[195/240] gen_n10000_rho1.0_correlated_seed4.pcf: ok (2 rows)
[196/240] gen_n10000_rho1.0_correlated_seed5.pcf: ok (2 rows)
[197/240] gen_n10000_rho1.0_correlated_seed6.pcf: ok (2 rows)
[198/240] gen_n10000_rho1.0_correlated_seed7.pcf: ok (2 rows)
[199/240] gen_n10000_rho1.0_correlated_seed8.pcf: ok (2 rows)
[200/240] gen_n10000_rho1.0_correlated_seed9.pcf: ok (2 rows)
[201/240] gen_n10000_rho1.0_exact-ties_seed0.pcf: ok (2 rows)
[202/240] gen_n10000_rho1.0_exact-ties_seed1.pcf: ok (2 rows)
[203/240] gen_n10000_rho1.0_exact-ties_seed2.pcf: ok (2 rows)
[204/240] gen_n10000_rho1.0_exact-ties_seed3.pcf: ok (2 rows)
[205/240] gen_n10000_rho1.0_exact-ties_seed4.pcf: ok (2 rows)
[206/240] gen_n10000_rho1.0_exact-ties_seed5.pcf: ok (2 rows)
[207/240] gen_n10000_rho1.0_exact-ties_seed6.pcf: ok (2 rows)
[208/240] gen_n10000_rho1.0_exact-ties_seed7.pcf: ok (2 rows)
[209/240] gen_n10000_rho1.0_exact-ties_seed8.pcf: ok (2 rows)
[210/240] gen_n10000_rho1.0_exact-ties_seed9.pcf: ok (2 rows)
[211/240] gen_n10000_rho1.0_independent-positive_seed0.pcf: ok (2 rows)
[212/240] gen_n10000_rho1.0_independent-positive_seed1.pcf: ok (2 rows)
[213/240] gen_n10000_rho1.0_independent-positive_seed2.pcf: ok (2 rows)
[214/240] gen_n10000_rho1.0_independent-positive_seed3.pcf: ok (2 rows)
[215/240] gen_n10000_rho1.0_independent-positive_seed4.pcf: ok (2 rows)
[216/240] gen_n10000_rho1.0_independent-positive_seed5.pcf: ok (2 rows)
[217/240] gen_n10000_rho1.0_independent-positive_seed6.pcf: ok (2 rows)
[218/240] gen_n10000_rho1.0_independent-positive_seed7.pcf: ok (2 rows)
[219/240] gen_n10000_rho1.0_independent-positive_seed8.pcf: ok (2 rows)
[220/240] gen_n10000_rho1.0_independent-positive_seed9.pcf: ok (2 rows)
[221/240] gen_n10000_rho1.0_independent-signed_seed0.pcf: ok (2 rows)
[222/240] gen_n10000_rho1.0_independent-signed_seed1.pcf: ok (2 rows)
[223/240] gen_n10000_rho1.0_independent-signed_seed2.pcf: ok (2 rows)
[224/240] gen_n10000_rho1.0_independent-signed_seed3.pcf: ok (2 rows)
[225/240] gen_n10000_rho1.0_independent-signed_seed4.pcf: ok (2 rows)
[226/240] gen_n10000_rho1.0_independent-signed_seed5.pcf: ok (2 rows)
[227/240] gen_n10000_rho1.0_independent-signed_seed6.pcf: ok (2 rows)
[228/240] gen_n10000_rho1.0_independent-signed_seed7.pcf: ok (2 rows)
[229/240] gen_n10000_rho1.0_independent-signed_seed8.pcf: ok (2 rows)
[230/240] gen_n10000_rho1.0_independent-signed_seed9.pcf: ok (2 rows)
[231/240] gen_n10000_rho1.0_near-ties_seed0.pcf: ok (2 rows)
[232/240] gen_n10000_rho1.0_near-ties_seed1.pcf: ok (2 rows)
[233/240] gen_n10000_rho1.0_near-ties_seed2.pcf: ok (2 rows)
[234/240] gen_n10000_rho1.0_near-ties_seed3.pcf: ok (2 rows)
[235/240] gen_n10000_rho1.0_near-ties_seed4.pcf: ok (2 rows)
[236/240] gen_n10000_rho1.0_near-ties_seed5.pcf: ok (2 rows)
[237/240] gen_n10000_rho1.0_near-ties_seed6.pcf: ok (2 rows)
[238/240] gen_n10000_rho1.0_near-ties_seed7.pcf: ok (2 rows)
[239/240] gen_n10000_rho1.0_near-ties_seed8.pcf: ok (2 rows)
[240/240] gen_n10000_rho1.0_near-ties_seed9.pcf: ok (2 rows)
wrote results/raw/campaign_c_pac.csv (480 rows), results/raw/campaign_c_pac.failures.csv (0 censored instances)
=== campaign_d_path pac_subset (n<=2000) ===
[1/300] path_n1000_anti-correlated_seed0.pcf: ok (3 rows)
[2/300] path_n1000_anti-correlated_seed1.pcf: ok (3 rows)
[3/300] path_n1000_anti-correlated_seed2.pcf: ok (3 rows)
[4/300] path_n1000_anti-correlated_seed3.pcf: ok (3 rows)
[5/300] path_n1000_anti-correlated_seed4.pcf: ok (3 rows)
[6/300] path_n1000_anti-correlated_seed5.pcf: ok (3 rows)
[7/300] path_n1000_anti-correlated_seed6.pcf: ok (3 rows)
[8/300] path_n1000_anti-correlated_seed7.pcf: ok (3 rows)
[9/300] path_n1000_anti-correlated_seed8.pcf: ok (3 rows)
[10/300] path_n1000_anti-correlated_seed9.pcf: ok (3 rows)
[11/300] path_n1000_correlated_seed0.pcf: ok (3 rows)
[12/300] path_n1000_correlated_seed1.pcf: ok (3 rows)
[13/300] path_n1000_correlated_seed2.pcf: ok (3 rows)
[14/300] path_n1000_correlated_seed3.pcf: ok (3 rows)
[15/300] path_n1000_correlated_seed4.pcf: ok (3 rows)
[16/300] path_n1000_correlated_seed5.pcf: ok (3 rows)
[17/300] path_n1000_correlated_seed6.pcf: ok (3 rows)
[18/300] path_n1000_correlated_seed7.pcf: ok (3 rows)
[19/300] path_n1000_correlated_seed8.pcf: ok (3 rows)
[20/300] path_n1000_correlated_seed9.pcf: ok (3 rows)
[21/300] path_n1000_exact-ties_seed0.pcf: ok (3 rows)
[22/300] path_n1000_exact-ties_seed1.pcf: ok (3 rows)
[23/300] path_n1000_exact-ties_seed2.pcf: ok (3 rows)
[24/300] path_n1000_exact-ties_seed3.pcf: ok (3 rows)
[25/300] path_n1000_exact-ties_seed4.pcf: ok (3 rows)
[26/300] path_n1000_exact-ties_seed5.pcf: ok (3 rows)
[27/300] path_n1000_exact-ties_seed6.pcf: ok (3 rows)
[28/300] path_n1000_exact-ties_seed7.pcf: ok (3 rows)
[29/300] path_n1000_exact-ties_seed8.pcf: ok (3 rows)
[30/300] path_n1000_exact-ties_seed9.pcf: ok (3 rows)
[31/300] path_n1000_independent-positive_seed0.pcf: ok (3 rows)
[32/300] path_n1000_independent-positive_seed1.pcf: ok (3 rows)
[33/300] path_n1000_independent-positive_seed2.pcf: ok (3 rows)
[34/300] path_n1000_independent-positive_seed3.pcf: ok (3 rows)
[35/300] path_n1000_independent-positive_seed4.pcf: ok (3 rows)
[36/300] path_n1000_independent-positive_seed5.pcf: ok (3 rows)
[37/300] path_n1000_independent-positive_seed6.pcf: ok (3 rows)
[38/300] path_n1000_independent-positive_seed7.pcf: ok (3 rows)
[39/300] path_n1000_independent-positive_seed8.pcf: ok (3 rows)
[40/300] path_n1000_independent-positive_seed9.pcf: ok (3 rows)
[41/300] path_n1000_independent-signed_seed0.pcf: ok (3 rows)
[42/300] path_n1000_independent-signed_seed1.pcf: ok (3 rows)
[43/300] path_n1000_independent-signed_seed2.pcf: ok (3 rows)
[44/300] path_n1000_independent-signed_seed3.pcf: ok (3 rows)
[45/300] path_n1000_independent-signed_seed4.pcf: ok (3 rows)
[46/300] path_n1000_independent-signed_seed5.pcf: ok (3 rows)
[47/300] path_n1000_independent-signed_seed6.pcf: ok (3 rows)
[48/300] path_n1000_independent-signed_seed7.pcf: ok (3 rows)
[49/300] path_n1000_independent-signed_seed8.pcf: ok (3 rows)
[50/300] path_n1000_independent-signed_seed9.pcf: ok (3 rows)
[51/300] path_n1000_near-ties_seed0.pcf: ok (3 rows)
[52/300] path_n1000_near-ties_seed1.pcf: ok (3 rows)
[53/300] path_n1000_near-ties_seed2.pcf: ok (3 rows)
[54/300] path_n1000_near-ties_seed3.pcf: ok (3 rows)
[55/300] path_n1000_near-ties_seed4.pcf: ok (3 rows)
[56/300] path_n1000_near-ties_seed5.pcf: ok (3 rows)
[57/300] path_n1000_near-ties_seed6.pcf: ok (3 rows)
[58/300] path_n1000_near-ties_seed7.pcf: ok (3 rows)
[59/300] path_n1000_near-ties_seed8.pcf: ok (3 rows)
[60/300] path_n1000_near-ties_seed9.pcf: ok (3 rows)
[61/300] path_n100_anti-correlated_seed0.pcf: ok (3 rows)
[62/300] path_n100_anti-correlated_seed1.pcf: ok (3 rows)
[63/300] path_n100_anti-correlated_seed2.pcf: ok (3 rows)
[64/300] path_n100_anti-correlated_seed3.pcf: ok (3 rows)
[65/300] path_n100_anti-correlated_seed4.pcf: ok (3 rows)
[66/300] path_n100_anti-correlated_seed5.pcf: ok (3 rows)
[67/300] path_n100_anti-correlated_seed6.pcf: ok (3 rows)
[68/300] path_n100_anti-correlated_seed7.pcf: ok (3 rows)
[69/300] path_n100_anti-correlated_seed8.pcf: ok (3 rows)
[70/300] path_n100_anti-correlated_seed9.pcf: ok (3 rows)
[71/300] path_n100_correlated_seed0.pcf: ok (3 rows)
[72/300] path_n100_correlated_seed1.pcf: ok (3 rows)
[73/300] path_n100_correlated_seed2.pcf: ok (3 rows)
[74/300] path_n100_correlated_seed3.pcf: ok (3 rows)
[75/300] path_n100_correlated_seed4.pcf: ok (3 rows)
[76/300] path_n100_correlated_seed5.pcf: ok (3 rows)
[77/300] path_n100_correlated_seed6.pcf: ok (3 rows)
[78/300] path_n100_correlated_seed7.pcf: ok (3 rows)
[79/300] path_n100_correlated_seed8.pcf: ok (3 rows)
[80/300] path_n100_correlated_seed9.pcf: ok (3 rows)
[81/300] path_n100_exact-ties_seed0.pcf: ok (3 rows)
[82/300] path_n100_exact-ties_seed1.pcf: ok (3 rows)
[83/300] path_n100_exact-ties_seed2.pcf: ok (3 rows)
[84/300] path_n100_exact-ties_seed3.pcf: ok (3 rows)
[85/300] path_n100_exact-ties_seed4.pcf: ok (3 rows)
[86/300] path_n100_exact-ties_seed5.pcf: ok (3 rows)
[87/300] path_n100_exact-ties_seed6.pcf: ok (3 rows)
[88/300] path_n100_exact-ties_seed7.pcf: ok (3 rows)
[89/300] path_n100_exact-ties_seed8.pcf: ok (3 rows)
[90/300] path_n100_exact-ties_seed9.pcf: ok (3 rows)
[91/300] path_n100_independent-positive_seed0.pcf: ok (3 rows)
[92/300] path_n100_independent-positive_seed1.pcf: ok (3 rows)
[93/300] path_n100_independent-positive_seed2.pcf: ok (3 rows)
[94/300] path_n100_independent-positive_seed3.pcf: ok (3 rows)
[95/300] path_n100_independent-positive_seed4.pcf: ok (3 rows)
[96/300] path_n100_independent-positive_seed5.pcf: ok (3 rows)
[97/300] path_n100_independent-positive_seed6.pcf: ok (3 rows)
[98/300] path_n100_independent-positive_seed7.pcf: ok (3 rows)
[99/300] path_n100_independent-positive_seed8.pcf: ok (3 rows)
[100/300] path_n100_independent-positive_seed9.pcf: ok (3 rows)
[101/300] path_n100_independent-signed_seed0.pcf: ok (3 rows)
[102/300] path_n100_independent-signed_seed1.pcf: ok (3 rows)
[103/300] path_n100_independent-signed_seed2.pcf: ok (3 rows)
[104/300] path_n100_independent-signed_seed3.pcf: ok (3 rows)
[105/300] path_n100_independent-signed_seed4.pcf: ok (3 rows)
[106/300] path_n100_independent-signed_seed5.pcf: ok (3 rows)
[107/300] path_n100_independent-signed_seed6.pcf: ok (3 rows)
[108/300] path_n100_independent-signed_seed7.pcf: ok (3 rows)
[109/300] path_n100_independent-signed_seed8.pcf: ok (3 rows)
[110/300] path_n100_independent-signed_seed9.pcf: ok (3 rows)
[111/300] path_n100_near-ties_seed0.pcf: ok (3 rows)
[112/300] path_n100_near-ties_seed1.pcf: ok (3 rows)
[113/300] path_n100_near-ties_seed2.pcf: ok (3 rows)
[114/300] path_n100_near-ties_seed3.pcf: ok (3 rows)
[115/300] path_n100_near-ties_seed4.pcf: ok (3 rows)
[116/300] path_n100_near-ties_seed5.pcf: ok (3 rows)
[117/300] path_n100_near-ties_seed6.pcf: ok (3 rows)
[118/300] path_n100_near-ties_seed7.pcf: ok (3 rows)
[119/300] path_n100_near-ties_seed8.pcf: ok (3 rows)
[120/300] path_n100_near-ties_seed9.pcf: ok (3 rows)
[121/300] path_n2000_anti-correlated_seed0.pcf: ok (3 rows)
[122/300] path_n2000_anti-correlated_seed1.pcf: ok (3 rows)
[123/300] path_n2000_anti-correlated_seed2.pcf: ok (3 rows)
[124/300] path_n2000_anti-correlated_seed3.pcf: ok (3 rows)
[125/300] path_n2000_anti-correlated_seed4.pcf: ok (3 rows)
[126/300] path_n2000_anti-correlated_seed5.pcf: ok (3 rows)
[127/300] path_n2000_anti-correlated_seed6.pcf: ok (3 rows)
[128/300] path_n2000_anti-correlated_seed7.pcf: ok (3 rows)
[129/300] path_n2000_anti-correlated_seed8.pcf: ok (3 rows)
[130/300] path_n2000_anti-correlated_seed9.pcf: ok (3 rows)
[131/300] path_n2000_correlated_seed0.pcf: ok (3 rows)
[132/300] path_n2000_correlated_seed1.pcf: ok (3 rows)
[133/300] path_n2000_correlated_seed2.pcf: ok (3 rows)
[134/300] path_n2000_correlated_seed3.pcf: ok (3 rows)
[135/300] path_n2000_correlated_seed4.pcf: ok (3 rows)
[136/300] path_n2000_correlated_seed5.pcf: ok (3 rows)
[137/300] path_n2000_correlated_seed6.pcf: ok (3 rows)
[138/300] path_n2000_correlated_seed7.pcf: ok (3 rows)
[139/300] path_n2000_correlated_seed8.pcf: ok (3 rows)
[140/300] path_n2000_correlated_seed9.pcf: ok (3 rows)
[141/300] path_n2000_exact-ties_seed0.pcf: ok (3 rows)
[142/300] path_n2000_exact-ties_seed1.pcf: ok (3 rows)
[143/300] path_n2000_exact-ties_seed2.pcf: ok (3 rows)
[144/300] path_n2000_exact-ties_seed3.pcf: ok (3 rows)
[145/300] path_n2000_exact-ties_seed4.pcf: ok (3 rows)
[146/300] path_n2000_exact-ties_seed5.pcf: ok (3 rows)
[147/300] path_n2000_exact-ties_seed6.pcf: ok (3 rows)
[148/300] path_n2000_exact-ties_seed7.pcf: ok (3 rows)
[149/300] path_n2000_exact-ties_seed8.pcf: ok (3 rows)
[150/300] path_n2000_exact-ties_seed9.pcf: ok (3 rows)
[151/300] path_n2000_independent-positive_seed0.pcf: ok (3 rows)
[152/300] path_n2000_independent-positive_seed1.pcf: ok (3 rows)
[153/300] path_n2000_independent-positive_seed2.pcf: ok (3 rows)
[154/300] path_n2000_independent-positive_seed3.pcf: ok (3 rows)
[155/300] path_n2000_independent-positive_seed4.pcf: ok (3 rows)
[156/300] path_n2000_independent-positive_seed5.pcf: ok (3 rows)
[157/300] path_n2000_independent-positive_seed6.pcf: ok (3 rows)
[158/300] path_n2000_independent-positive_seed7.pcf: ok (3 rows)
[159/300] path_n2000_independent-positive_seed8.pcf: ok (3 rows)
[160/300] path_n2000_independent-positive_seed9.pcf: ok (3 rows)
[161/300] path_n2000_independent-signed_seed0.pcf: ok (3 rows)
[162/300] path_n2000_independent-signed_seed1.pcf: ok (3 rows)
[163/300] path_n2000_independent-signed_seed2.pcf: ok (3 rows)
[164/300] path_n2000_independent-signed_seed3.pcf: ok (3 rows)
[165/300] path_n2000_independent-signed_seed4.pcf: ok (3 rows)
[166/300] path_n2000_independent-signed_seed5.pcf: ok (3 rows)
[167/300] path_n2000_independent-signed_seed6.pcf: ok (3 rows)
[168/300] path_n2000_independent-signed_seed7.pcf: ok (3 rows)
[169/300] path_n2000_independent-signed_seed8.pcf: ok (3 rows)
[170/300] path_n2000_independent-signed_seed9.pcf: ok (3 rows)
[171/300] path_n2000_near-ties_seed0.pcf: ok (3 rows)
[172/300] path_n2000_near-ties_seed1.pcf: ok (3 rows)
[173/300] path_n2000_near-ties_seed2.pcf: ok (3 rows)
[174/300] path_n2000_near-ties_seed3.pcf: ok (3 rows)
[175/300] path_n2000_near-ties_seed4.pcf: ok (3 rows)
[176/300] path_n2000_near-ties_seed5.pcf: ok (3 rows)
[177/300] path_n2000_near-ties_seed6.pcf: ok (3 rows)
[178/300] path_n2000_near-ties_seed7.pcf: ok (3 rows)
[179/300] path_n2000_near-ties_seed8.pcf: ok (3 rows)
[180/300] path_n2000_near-ties_seed9.pcf: ok (3 rows)
[181/300] path_n200_anti-correlated_seed0.pcf: ok (3 rows)
[182/300] path_n200_anti-correlated_seed1.pcf: ok (3 rows)
[183/300] path_n200_anti-correlated_seed2.pcf: ok (3 rows)
[184/300] path_n200_anti-correlated_seed3.pcf: ok (3 rows)
[185/300] path_n200_anti-correlated_seed4.pcf: ok (3 rows)
[186/300] path_n200_anti-correlated_seed5.pcf: ok (3 rows)
[187/300] path_n200_anti-correlated_seed6.pcf: ok (3 rows)
[188/300] path_n200_anti-correlated_seed7.pcf: ok (3 rows)
[189/300] path_n200_anti-correlated_seed8.pcf: ok (3 rows)
[190/300] path_n200_anti-correlated_seed9.pcf: ok (3 rows)
[191/300] path_n200_correlated_seed0.pcf: ok (3 rows)
[192/300] path_n200_correlated_seed1.pcf: ok (3 rows)
[193/300] path_n200_correlated_seed2.pcf: ok (3 rows)
[194/300] path_n200_correlated_seed3.pcf: ok (3 rows)
[195/300] path_n200_correlated_seed4.pcf: ok (3 rows)
[196/300] path_n200_correlated_seed5.pcf: ok (3 rows)
[197/300] path_n200_correlated_seed6.pcf: ok (3 rows)
[198/300] path_n200_correlated_seed7.pcf: ok (3 rows)
[199/300] path_n200_correlated_seed8.pcf: ok (3 rows)
[200/300] path_n200_correlated_seed9.pcf: ok (3 rows)
[201/300] path_n200_exact-ties_seed0.pcf: ok (3 rows)
[202/300] path_n200_exact-ties_seed1.pcf: ok (3 rows)
[203/300] path_n200_exact-ties_seed2.pcf: ok (3 rows)
[204/300] path_n200_exact-ties_seed3.pcf: ok (3 rows)
[205/300] path_n200_exact-ties_seed4.pcf: ok (3 rows)
[206/300] path_n200_exact-ties_seed5.pcf: ok (3 rows)
[207/300] path_n200_exact-ties_seed6.pcf: ok (3 rows)
[208/300] path_n200_exact-ties_seed7.pcf: ok (3 rows)
[209/300] path_n200_exact-ties_seed8.pcf: ok (3 rows)
[210/300] path_n200_exact-ties_seed9.pcf: ok (3 rows)
[211/300] path_n200_independent-positive_seed0.pcf: ok (3 rows)
[212/300] path_n200_independent-positive_seed1.pcf: ok (3 rows)
[213/300] path_n200_independent-positive_seed2.pcf: ok (3 rows)
[214/300] path_n200_independent-positive_seed3.pcf: ok (3 rows)
[215/300] path_n200_independent-positive_seed4.pcf: ok (3 rows)
[216/300] path_n200_independent-positive_seed5.pcf: ok (3 rows)
[217/300] path_n200_independent-positive_seed6.pcf: ok (3 rows)
[218/300] path_n200_independent-positive_seed7.pcf: ok (3 rows)
[219/300] path_n200_independent-positive_seed8.pcf: ok (3 rows)
[220/300] path_n200_independent-positive_seed9.pcf: ok (3 rows)
[221/300] path_n200_independent-signed_seed0.pcf: ok (3 rows)
[222/300] path_n200_independent-signed_seed1.pcf: ok (3 rows)
[223/300] path_n200_independent-signed_seed2.pcf: ok (3 rows)
[224/300] path_n200_independent-signed_seed3.pcf: ok (3 rows)
[225/300] path_n200_independent-signed_seed4.pcf: ok (3 rows)
[226/300] path_n200_independent-signed_seed5.pcf: ok (3 rows)
[227/300] path_n200_independent-signed_seed6.pcf: ok (3 rows)
[228/300] path_n200_independent-signed_seed7.pcf: ok (3 rows)
[229/300] path_n200_independent-signed_seed8.pcf: ok (3 rows)
[230/300] path_n200_independent-signed_seed9.pcf: ok (3 rows)
[231/300] path_n200_near-ties_seed0.pcf: ok (3 rows)
[232/300] path_n200_near-ties_seed1.pcf: ok (3 rows)
[233/300] path_n200_near-ties_seed2.pcf: ok (3 rows)
[234/300] path_n200_near-ties_seed3.pcf: ok (3 rows)
[235/300] path_n200_near-ties_seed4.pcf: ok (3 rows)
[236/300] path_n200_near-ties_seed5.pcf: ok (3 rows)
[237/300] path_n200_near-ties_seed6.pcf: ok (3 rows)
[238/300] path_n200_near-ties_seed7.pcf: ok (3 rows)
[239/300] path_n200_near-ties_seed8.pcf: ok (3 rows)
[240/300] path_n200_near-ties_seed9.pcf: ok (3 rows)
[241/300] path_n500_anti-correlated_seed0.pcf: ok (3 rows)
[242/300] path_n500_anti-correlated_seed1.pcf: ok (3 rows)
[243/300] path_n500_anti-correlated_seed2.pcf: ok (3 rows)
[244/300] path_n500_anti-correlated_seed3.pcf: ok (3 rows)
[245/300] path_n500_anti-correlated_seed4.pcf: ok (3 rows)
[246/300] path_n500_anti-correlated_seed5.pcf: ok (3 rows)
[247/300] path_n500_anti-correlated_seed6.pcf: ok (3 rows)
[248/300] path_n500_anti-correlated_seed7.pcf: ok (3 rows)
[249/300] path_n500_anti-correlated_seed8.pcf: ok (3 rows)
[250/300] path_n500_anti-correlated_seed9.pcf: ok (3 rows)
[251/300] path_n500_correlated_seed0.pcf: ok (3 rows)
[252/300] path_n500_correlated_seed1.pcf: ok (3 rows)
[253/300] path_n500_correlated_seed2.pcf: ok (3 rows)
[254/300] path_n500_correlated_seed3.pcf: ok (3 rows)
[255/300] path_n500_correlated_seed4.pcf: ok (3 rows)
[256/300] path_n500_correlated_seed5.pcf: ok (3 rows)
[257/300] path_n500_correlated_seed6.pcf: ok (3 rows)
[258/300] path_n500_correlated_seed7.pcf: ok (3 rows)
[259/300] path_n500_correlated_seed8.pcf: ok (3 rows)
[260/300] path_n500_correlated_seed9.pcf: ok (3 rows)
[261/300] path_n500_exact-ties_seed0.pcf: ok (3 rows)
[262/300] path_n500_exact-ties_seed1.pcf: ok (3 rows)
[263/300] path_n500_exact-ties_seed2.pcf: ok (3 rows)
[264/300] path_n500_exact-ties_seed3.pcf: ok (3 rows)
[265/300] path_n500_exact-ties_seed4.pcf: ok (3 rows)
[266/300] path_n500_exact-ties_seed5.pcf: ok (3 rows)
[267/300] path_n500_exact-ties_seed6.pcf: ok (3 rows)
[268/300] path_n500_exact-ties_seed7.pcf: ok (3 rows)
[269/300] path_n500_exact-ties_seed8.pcf: ok (3 rows)
[270/300] path_n500_exact-ties_seed9.pcf: ok (3 rows)
[271/300] path_n500_independent-positive_seed0.pcf: ok (3 rows)
[272/300] path_n500_independent-positive_seed1.pcf: ok (3 rows)
[273/300] path_n500_independent-positive_seed2.pcf: ok (3 rows)
[274/300] path_n500_independent-positive_seed3.pcf: ok (3 rows)
[275/300] path_n500_independent-positive_seed4.pcf: ok (3 rows)
[276/300] path_n500_independent-positive_seed5.pcf: ok (3 rows)
[277/300] path_n500_independent-positive_seed6.pcf: ok (3 rows)
[278/300] path_n500_independent-positive_seed7.pcf: ok (3 rows)
[279/300] path_n500_independent-positive_seed8.pcf: ok (3 rows)
[280/300] path_n500_independent-positive_seed9.pcf: ok (3 rows)
[281/300] path_n500_independent-signed_seed0.pcf: ok (3 rows)
[282/300] path_n500_independent-signed_seed1.pcf: ok (3 rows)
[283/300] path_n500_independent-signed_seed2.pcf: ok (3 rows)
[284/300] path_n500_independent-signed_seed3.pcf: ok (3 rows)
[285/300] path_n500_independent-signed_seed4.pcf: ok (3 rows)
[286/300] path_n500_independent-signed_seed5.pcf: ok (3 rows)
[287/300] path_n500_independent-signed_seed6.pcf: ok (3 rows)
[288/300] path_n500_independent-signed_seed7.pcf: ok (3 rows)
[289/300] path_n500_independent-signed_seed8.pcf: ok (3 rows)
[290/300] path_n500_independent-signed_seed9.pcf: ok (3 rows)
[291/300] path_n500_near-ties_seed0.pcf: ok (3 rows)
[292/300] path_n500_near-ties_seed1.pcf: ok (3 rows)
[293/300] path_n500_near-ties_seed2.pcf: ok (3 rows)
[294/300] path_n500_near-ties_seed3.pcf: ok (3 rows)
[295/300] path_n500_near-ties_seed4.pcf: ok (3 rows)
[296/300] path_n500_near-ties_seed5.pcf: ok (3 rows)
[297/300] path_n500_near-ties_seed6.pcf: ok (3 rows)
[298/300] path_n500_near-ties_seed7.pcf: ok (3 rows)
[299/300] path_n500_near-ties_seed8.pcf: ok (3 rows)
[300/300] path_n500_near-ties_seed9.pcf: ok (3 rows)
wrote results/raw/campaign_d_path_pac.csv (900 rows), results/raw/campaign_d_path_pac.failures.csv (0 censored instances)
=== campaign_d_binary pac_subset (n<=2000) ===
[1/300] binary_n1000_anti-correlated_seed0.pcf: ok (3 rows)
[2/300] binary_n1000_anti-correlated_seed1.pcf: ok (3 rows)
[3/300] binary_n1000_anti-correlated_seed2.pcf: ok (3 rows)
[4/300] binary_n1000_anti-correlated_seed3.pcf: ok (3 rows)
[5/300] binary_n1000_anti-correlated_seed4.pcf: ok (3 rows)
[6/300] binary_n1000_anti-correlated_seed5.pcf: ok (3 rows)
[7/300] binary_n1000_anti-correlated_seed6.pcf: ok (3 rows)
[8/300] binary_n1000_anti-correlated_seed7.pcf: ok (3 rows)
[9/300] binary_n1000_anti-correlated_seed8.pcf: ok (3 rows)
[10/300] binary_n1000_anti-correlated_seed9.pcf: ok (3 rows)
[11/300] binary_n1000_correlated_seed0.pcf: ok (3 rows)
[12/300] binary_n1000_correlated_seed1.pcf: ok (3 rows)
[13/300] binary_n1000_correlated_seed2.pcf: ok (3 rows)
[14/300] binary_n1000_correlated_seed3.pcf: ok (3 rows)
[15/300] binary_n1000_correlated_seed4.pcf: ok (3 rows)
[16/300] binary_n1000_correlated_seed5.pcf: ok (3 rows)
[17/300] binary_n1000_correlated_seed6.pcf: ok (3 rows)
[18/300] binary_n1000_correlated_seed7.pcf: ok (3 rows)
[19/300] binary_n1000_correlated_seed8.pcf: ok (3 rows)
[20/300] binary_n1000_correlated_seed9.pcf: ok (3 rows)
[21/300] binary_n1000_exact-ties_seed0.pcf: ok (3 rows)
[22/300] binary_n1000_exact-ties_seed1.pcf: ok (3 rows)
[23/300] binary_n1000_exact-ties_seed2.pcf: ok (3 rows)
[24/300] binary_n1000_exact-ties_seed3.pcf: ok (3 rows)
[25/300] binary_n1000_exact-ties_seed4.pcf: ok (3 rows)
[26/300] binary_n1000_exact-ties_seed5.pcf: ok (3 rows)
[27/300] binary_n1000_exact-ties_seed6.pcf: ok (3 rows)
[28/300] binary_n1000_exact-ties_seed7.pcf: ok (3 rows)
[29/300] binary_n1000_exact-ties_seed8.pcf: ok (3 rows)
[30/300] binary_n1000_exact-ties_seed9.pcf: ok (3 rows)
[31/300] binary_n1000_independent-positive_seed0.pcf: ok (3 rows)
[32/300] binary_n1000_independent-positive_seed1.pcf: ok (3 rows)
[33/300] binary_n1000_independent-positive_seed2.pcf: ok (3 rows)
[34/300] binary_n1000_independent-positive_seed3.pcf: ok (3 rows)
[35/300] binary_n1000_independent-positive_seed4.pcf: ok (3 rows)
[36/300] binary_n1000_independent-positive_seed5.pcf: ok (3 rows)
[37/300] binary_n1000_independent-positive_seed6.pcf: ok (3 rows)
[38/300] binary_n1000_independent-positive_seed7.pcf: ok (3 rows)
[39/300] binary_n1000_independent-positive_seed8.pcf: ok (3 rows)
[40/300] binary_n1000_independent-positive_seed9.pcf: ok (3 rows)
[41/300] binary_n1000_independent-signed_seed0.pcf: ok (3 rows)
[42/300] binary_n1000_independent-signed_seed1.pcf: ok (3 rows)
[43/300] binary_n1000_independent-signed_seed2.pcf: ok (3 rows)
[44/300] binary_n1000_independent-signed_seed3.pcf: ok (3 rows)
[45/300] binary_n1000_independent-signed_seed4.pcf: ok (3 rows)
[46/300] binary_n1000_independent-signed_seed5.pcf: ok (3 rows)
[47/300] binary_n1000_independent-signed_seed6.pcf: ok (3 rows)
[48/300] binary_n1000_independent-signed_seed7.pcf: ok (3 rows)
[49/300] binary_n1000_independent-signed_seed8.pcf: ok (3 rows)
[50/300] binary_n1000_independent-signed_seed9.pcf: ok (3 rows)
[51/300] binary_n1000_near-ties_seed0.pcf: ok (3 rows)
[52/300] binary_n1000_near-ties_seed1.pcf: ok (3 rows)
[53/300] binary_n1000_near-ties_seed2.pcf: ok (3 rows)
[54/300] binary_n1000_near-ties_seed3.pcf: ok (3 rows)
[55/300] binary_n1000_near-ties_seed4.pcf: ok (3 rows)
[56/300] binary_n1000_near-ties_seed5.pcf: ok (3 rows)
[57/300] binary_n1000_near-ties_seed6.pcf: ok (3 rows)
[58/300] binary_n1000_near-ties_seed7.pcf: ok (3 rows)
[59/300] binary_n1000_near-ties_seed8.pcf: ok (3 rows)
[60/300] binary_n1000_near-ties_seed9.pcf: ok (3 rows)
[61/300] binary_n100_anti-correlated_seed0.pcf: ok (3 rows)
[62/300] binary_n100_anti-correlated_seed1.pcf: ok (3 rows)
[63/300] binary_n100_anti-correlated_seed2.pcf: ok (3 rows)
[64/300] binary_n100_anti-correlated_seed3.pcf: ok (3 rows)
[65/300] binary_n100_anti-correlated_seed4.pcf: ok (3 rows)
[66/300] binary_n100_anti-correlated_seed5.pcf: ok (3 rows)
[67/300] binary_n100_anti-correlated_seed6.pcf: ok (3 rows)
[68/300] binary_n100_anti-correlated_seed7.pcf: ok (3 rows)
[69/300] binary_n100_anti-correlated_seed8.pcf: ok (3 rows)
[70/300] binary_n100_anti-correlated_seed9.pcf: ok (3 rows)
[71/300] binary_n100_correlated_seed0.pcf: ok (3 rows)
[72/300] binary_n100_correlated_seed1.pcf: ok (3 rows)
[73/300] binary_n100_correlated_seed2.pcf: ok (3 rows)
[74/300] binary_n100_correlated_seed3.pcf: ok (3 rows)
[75/300] binary_n100_correlated_seed4.pcf: ok (3 rows)
[76/300] binary_n100_correlated_seed5.pcf: ok (3 rows)
[77/300] binary_n100_correlated_seed6.pcf: ok (3 rows)
[78/300] binary_n100_correlated_seed7.pcf: ok (3 rows)
[79/300] binary_n100_correlated_seed8.pcf: ok (3 rows)
[80/300] binary_n100_correlated_seed9.pcf: ok (3 rows)
[81/300] binary_n100_exact-ties_seed0.pcf: ok (3 rows)
[82/300] binary_n100_exact-ties_seed1.pcf: ok (3 rows)
[83/300] binary_n100_exact-ties_seed2.pcf: ok (3 rows)
[84/300] binary_n100_exact-ties_seed3.pcf: ok (3 rows)
[85/300] binary_n100_exact-ties_seed4.pcf: ok (3 rows)
[86/300] binary_n100_exact-ties_seed5.pcf: ok (3 rows)
[87/300] binary_n100_exact-ties_seed6.pcf: ok (3 rows)
[88/300] binary_n100_exact-ties_seed7.pcf: ok (3 rows)
[89/300] binary_n100_exact-ties_seed8.pcf: ok (3 rows)
[90/300] binary_n100_exact-ties_seed9.pcf: ok (3 rows)
[91/300] binary_n100_independent-positive_seed0.pcf: ok (3 rows)
[92/300] binary_n100_independent-positive_seed1.pcf: ok (3 rows)
[93/300] binary_n100_independent-positive_seed2.pcf: ok (3 rows)
[94/300] binary_n100_independent-positive_seed3.pcf: ok (3 rows)
[95/300] binary_n100_independent-positive_seed4.pcf: ok (3 rows)
[96/300] binary_n100_independent-positive_seed5.pcf: ok (3 rows)
[97/300] binary_n100_independent-positive_seed6.pcf: ok (3 rows)
[98/300] binary_n100_independent-positive_seed7.pcf: ok (3 rows)
[99/300] binary_n100_independent-positive_seed8.pcf: ok (3 rows)
[100/300] binary_n100_independent-positive_seed9.pcf: ok (3 rows)
[101/300] binary_n100_independent-signed_seed0.pcf: ok (3 rows)
[102/300] binary_n100_independent-signed_seed1.pcf: ok (3 rows)
[103/300] binary_n100_independent-signed_seed2.pcf: ok (3 rows)
[104/300] binary_n100_independent-signed_seed3.pcf: ok (3 rows)
[105/300] binary_n100_independent-signed_seed4.pcf: ok (3 rows)
[106/300] binary_n100_independent-signed_seed5.pcf: ok (3 rows)
[107/300] binary_n100_independent-signed_seed6.pcf: ok (3 rows)
[108/300] binary_n100_independent-signed_seed7.pcf: ok (3 rows)
[109/300] binary_n100_independent-signed_seed8.pcf: ok (3 rows)
[110/300] binary_n100_independent-signed_seed9.pcf: ok (3 rows)
[111/300] binary_n100_near-ties_seed0.pcf: ok (3 rows)
[112/300] binary_n100_near-ties_seed1.pcf: ok (3 rows)
[113/300] binary_n100_near-ties_seed2.pcf: ok (3 rows)
[114/300] binary_n100_near-ties_seed3.pcf: ok (3 rows)
[115/300] binary_n100_near-ties_seed4.pcf: ok (3 rows)
[116/300] binary_n100_near-ties_seed5.pcf: ok (3 rows)
[117/300] binary_n100_near-ties_seed6.pcf: ok (3 rows)
[118/300] binary_n100_near-ties_seed7.pcf: ok (3 rows)
[119/300] binary_n100_near-ties_seed8.pcf: ok (3 rows)
[120/300] binary_n100_near-ties_seed9.pcf: ok (3 rows)
[121/300] binary_n2000_anti-correlated_seed0.pcf: ok (3 rows)
[122/300] binary_n2000_anti-correlated_seed1.pcf: ok (3 rows)
[123/300] binary_n2000_anti-correlated_seed2.pcf: ok (3 rows)
[124/300] binary_n2000_anti-correlated_seed3.pcf: ok (3 rows)
[125/300] binary_n2000_anti-correlated_seed4.pcf: ok (3 rows)
[126/300] binary_n2000_anti-correlated_seed5.pcf: ok (3 rows)
[127/300] binary_n2000_anti-correlated_seed6.pcf: ok (3 rows)
[128/300] binary_n2000_anti-correlated_seed7.pcf: ok (3 rows)
[129/300] binary_n2000_anti-correlated_seed8.pcf: ok (3 rows)
[130/300] binary_n2000_anti-correlated_seed9.pcf: ok (3 rows)
[131/300] binary_n2000_correlated_seed0.pcf: ok (3 rows)
[132/300] binary_n2000_correlated_seed1.pcf: ok (3 rows)
[133/300] binary_n2000_correlated_seed2.pcf: ok (3 rows)
[134/300] binary_n2000_correlated_seed3.pcf: ok (3 rows)
[135/300] binary_n2000_correlated_seed4.pcf: ok (3 rows)
[136/300] binary_n2000_correlated_seed5.pcf: ok (3 rows)
[137/300] binary_n2000_correlated_seed6.pcf: ok (3 rows)
[138/300] binary_n2000_correlated_seed7.pcf: ok (3 rows)
[139/300] binary_n2000_correlated_seed8.pcf: ok (3 rows)
[140/300] binary_n2000_correlated_seed9.pcf: ok (3 rows)
[141/300] binary_n2000_exact-ties_seed0.pcf: ok (3 rows)
[142/300] binary_n2000_exact-ties_seed1.pcf: ok (3 rows)
[143/300] binary_n2000_exact-ties_seed2.pcf: ok (3 rows)
[144/300] binary_n2000_exact-ties_seed3.pcf: ok (3 rows)
[145/300] binary_n2000_exact-ties_seed4.pcf: ok (3 rows)
[146/300] binary_n2000_exact-ties_seed5.pcf: ok (3 rows)
[147/300] binary_n2000_exact-ties_seed6.pcf: ok (3 rows)
[148/300] binary_n2000_exact-ties_seed7.pcf: ok (3 rows)
[149/300] binary_n2000_exact-ties_seed8.pcf: ok (3 rows)
[150/300] binary_n2000_exact-ties_seed9.pcf: ok (3 rows)
[151/300] binary_n2000_independent-positive_seed0.pcf: ok (3 rows)
[152/300] binary_n2000_independent-positive_seed1.pcf: ok (3 rows)
[153/300] binary_n2000_independent-positive_seed2.pcf: ok (3 rows)
[154/300] binary_n2000_independent-positive_seed3.pcf: ok (3 rows)
[155/300] binary_n2000_independent-positive_seed4.pcf: ok (3 rows)
[156/300] binary_n2000_independent-positive_seed5.pcf: ok (3 rows)
[157/300] binary_n2000_independent-positive_seed6.pcf: ok (3 rows)
[158/300] binary_n2000_independent-positive_seed7.pcf: ok (3 rows)
[159/300] binary_n2000_independent-positive_seed8.pcf: ok (3 rows)
[160/300] binary_n2000_independent-positive_seed9.pcf: ok (3 rows)
[161/300] binary_n2000_independent-signed_seed0.pcf: ok (3 rows)
[162/300] binary_n2000_independent-signed_seed1.pcf: ok (3 rows)
[163/300] binary_n2000_independent-signed_seed2.pcf: ok (3 rows)
[164/300] binary_n2000_independent-signed_seed3.pcf: ok (3 rows)
[165/300] binary_n2000_independent-signed_seed4.pcf: ok (3 rows)
[166/300] binary_n2000_independent-signed_seed5.pcf: ok (3 rows)
[167/300] binary_n2000_independent-signed_seed6.pcf: ok (3 rows)
[168/300] binary_n2000_independent-signed_seed7.pcf: ok (3 rows)
[169/300] binary_n2000_independent-signed_seed8.pcf: ok (3 rows)
[170/300] binary_n2000_independent-signed_seed9.pcf: ok (3 rows)
[171/300] binary_n2000_near-ties_seed0.pcf: ok (3 rows)
[172/300] binary_n2000_near-ties_seed1.pcf: ok (3 rows)
[173/300] binary_n2000_near-ties_seed2.pcf: ok (3 rows)
[174/300] binary_n2000_near-ties_seed3.pcf: ok (3 rows)
[175/300] binary_n2000_near-ties_seed4.pcf: ok (3 rows)
[176/300] binary_n2000_near-ties_seed5.pcf: ok (3 rows)
[177/300] binary_n2000_near-ties_seed6.pcf: ok (3 rows)
[178/300] binary_n2000_near-ties_seed7.pcf: ok (3 rows)
[179/300] binary_n2000_near-ties_seed8.pcf: ok (3 rows)
[180/300] binary_n2000_near-ties_seed9.pcf: ok (3 rows)
[181/300] binary_n200_anti-correlated_seed0.pcf: ok (3 rows)
[182/300] binary_n200_anti-correlated_seed1.pcf: ok (3 rows)
[183/300] binary_n200_anti-correlated_seed2.pcf: ok (3 rows)
[184/300] binary_n200_anti-correlated_seed3.pcf: ok (3 rows)
[185/300] binary_n200_anti-correlated_seed4.pcf: ok (3 rows)
[186/300] binary_n200_anti-correlated_seed5.pcf: ok (3 rows)
[187/300] binary_n200_anti-correlated_seed6.pcf: ok (3 rows)
[188/300] binary_n200_anti-correlated_seed7.pcf: ok (3 rows)
[189/300] binary_n200_anti-correlated_seed8.pcf: ok (3 rows)
[190/300] binary_n200_anti-correlated_seed9.pcf: ok (3 rows)
[191/300] binary_n200_correlated_seed0.pcf: ok (3 rows)
[192/300] binary_n200_correlated_seed1.pcf: ok (3 rows)
[193/300] binary_n200_correlated_seed2.pcf: ok (3 rows)
[194/300] binary_n200_correlated_seed3.pcf: ok (3 rows)
[195/300] binary_n200_correlated_seed4.pcf: ok (3 rows)
[196/300] binary_n200_correlated_seed5.pcf: ok (3 rows)
[197/300] binary_n200_correlated_seed6.pcf: ok (3 rows)
[198/300] binary_n200_correlated_seed7.pcf: ok (3 rows)
[199/300] binary_n200_correlated_seed8.pcf: ok (3 rows)
[200/300] binary_n200_correlated_seed9.pcf: ok (3 rows)
[201/300] binary_n200_exact-ties_seed0.pcf: ok (3 rows)
[202/300] binary_n200_exact-ties_seed1.pcf: ok (3 rows)
[203/300] binary_n200_exact-ties_seed2.pcf: ok (3 rows)
[204/300] binary_n200_exact-ties_seed3.pcf: ok (3 rows)
[205/300] binary_n200_exact-ties_seed4.pcf: ok (3 rows)
[206/300] binary_n200_exact-ties_seed5.pcf: ok (3 rows)
[207/300] binary_n200_exact-ties_seed6.pcf: ok (3 rows)
[208/300] binary_n200_exact-ties_seed7.pcf: ok (3 rows)
[209/300] binary_n200_exact-ties_seed8.pcf: ok (3 rows)
[210/300] binary_n200_exact-ties_seed9.pcf: ok (3 rows)
[211/300] binary_n200_independent-positive_seed0.pcf: ok (3 rows)
[212/300] binary_n200_independent-positive_seed1.pcf: ok (3 rows)
[213/300] binary_n200_independent-positive_seed2.pcf: ok (3 rows)
[214/300] binary_n200_independent-positive_seed3.pcf: ok (3 rows)
[215/300] binary_n200_independent-positive_seed4.pcf: ok (3 rows)
[216/300] binary_n200_independent-positive_seed5.pcf: ok (3 rows)
[217/300] binary_n200_independent-positive_seed6.pcf: ok (3 rows)
[218/300] binary_n200_independent-positive_seed7.pcf: ok (3 rows)
[219/300] binary_n200_independent-positive_seed8.pcf: ok (3 rows)
[220/300] binary_n200_independent-positive_seed9.pcf: ok (3 rows)
[221/300] binary_n200_independent-signed_seed0.pcf: ok (3 rows)
[222/300] binary_n200_independent-signed_seed1.pcf: ok (3 rows)
[223/300] binary_n200_independent-signed_seed2.pcf: ok (3 rows)
[224/300] binary_n200_independent-signed_seed3.pcf: ok (3 rows)
[225/300] binary_n200_independent-signed_seed4.pcf: ok (3 rows)
[226/300] binary_n200_independent-signed_seed5.pcf: ok (3 rows)
[227/300] binary_n200_independent-signed_seed6.pcf: ok (3 rows)
[228/300] binary_n200_independent-signed_seed7.pcf: ok (3 rows)
[229/300] binary_n200_independent-signed_seed8.pcf: ok (3 rows)
[230/300] binary_n200_independent-signed_seed9.pcf: ok (3 rows)
[231/300] binary_n200_near-ties_seed0.pcf: ok (3 rows)
[232/300] binary_n200_near-ties_seed1.pcf: ok (3 rows)
[233/300] binary_n200_near-ties_seed2.pcf: ok (3 rows)
[234/300] binary_n200_near-ties_seed3.pcf: ok (3 rows)
[235/300] binary_n200_near-ties_seed4.pcf: ok (3 rows)
[236/300] binary_n200_near-ties_seed5.pcf: ok (3 rows)
[237/300] binary_n200_near-ties_seed6.pcf: ok (3 rows)
[238/300] binary_n200_near-ties_seed7.pcf: ok (3 rows)
[239/300] binary_n200_near-ties_seed8.pcf: ok (3 rows)
[240/300] binary_n200_near-ties_seed9.pcf: ok (3 rows)
[241/300] binary_n500_anti-correlated_seed0.pcf: ok (3 rows)
[242/300] binary_n500_anti-correlated_seed1.pcf: ok (3 rows)
[243/300] binary_n500_anti-correlated_seed2.pcf: ok (3 rows)
[244/300] binary_n500_anti-correlated_seed3.pcf: ok (3 rows)
[245/300] binary_n500_anti-correlated_seed4.pcf: ok (3 rows)
[246/300] binary_n500_anti-correlated_seed5.pcf: ok (3 rows)
[247/300] binary_n500_anti-correlated_seed6.pcf: ok (3 rows)
[248/300] binary_n500_anti-correlated_seed7.pcf: ok (3 rows)
[249/300] binary_n500_anti-correlated_seed8.pcf: ok (3 rows)
[250/300] binary_n500_anti-correlated_seed9.pcf: ok (3 rows)
[251/300] binary_n500_correlated_seed0.pcf: ok (3 rows)
[252/300] binary_n500_correlated_seed1.pcf: ok (3 rows)
[253/300] binary_n500_correlated_seed2.pcf: ok (3 rows)
[254/300] binary_n500_correlated_seed3.pcf: ok (3 rows)
[255/300] binary_n500_correlated_seed4.pcf: ok (3 rows)
[256/300] binary_n500_correlated_seed5.pcf: ok (3 rows)
[257/300] binary_n500_correlated_seed6.pcf: ok (3 rows)
[258/300] binary_n500_correlated_seed7.pcf: ok (3 rows)
[259/300] binary_n500_correlated_seed8.pcf: ok (3 rows)
[260/300] binary_n500_correlated_seed9.pcf: ok (3 rows)
[261/300] binary_n500_exact-ties_seed0.pcf: ok (3 rows)
[262/300] binary_n500_exact-ties_seed1.pcf: ok (3 rows)
[263/300] binary_n500_exact-ties_seed2.pcf: ok (3 rows)
[264/300] binary_n500_exact-ties_seed3.pcf: ok (3 rows)
[265/300] binary_n500_exact-ties_seed4.pcf: ok (3 rows)
[266/300] binary_n500_exact-ties_seed5.pcf: ok (3 rows)
[267/300] binary_n500_exact-ties_seed6.pcf: ok (3 rows)
[268/300] binary_n500_exact-ties_seed7.pcf: ok (3 rows)
[269/300] binary_n500_exact-ties_seed8.pcf: ok (3 rows)
[270/300] binary_n500_exact-ties_seed9.pcf: ok (3 rows)
[271/300] binary_n500_independent-positive_seed0.pcf: ok (3 rows)
[272/300] binary_n500_independent-positive_seed1.pcf: ok (3 rows)
[273/300] binary_n500_independent-positive_seed2.pcf: ok (3 rows)
[274/300] binary_n500_independent-positive_seed3.pcf: ok (3 rows)
[275/300] binary_n500_independent-positive_seed4.pcf: ok (3 rows)
[276/300] binary_n500_independent-positive_seed5.pcf: ok (3 rows)
[277/300] binary_n500_independent-positive_seed6.pcf: ok (3 rows)
[278/300] binary_n500_independent-positive_seed7.pcf: ok (3 rows)
[279/300] binary_n500_independent-positive_seed8.pcf: ok (3 rows)
[280/300] binary_n500_independent-positive_seed9.pcf: ok (3 rows)
[281/300] binary_n500_independent-signed_seed0.pcf: ok (3 rows)
[282/300] binary_n500_independent-signed_seed1.pcf: ok (3 rows)
[283/300] binary_n500_independent-signed_seed2.pcf: ok (3 rows)
[284/300] binary_n500_independent-signed_seed3.pcf: ok (3 rows)
[285/300] binary_n500_independent-signed_seed4.pcf: ok (3 rows)
[286/300] binary_n500_independent-signed_seed5.pcf: ok (3 rows)
[287/300] binary_n500_independent-signed_seed6.pcf: ok (3 rows)
[288/300] binary_n500_independent-signed_seed7.pcf: ok (3 rows)
[289/300] binary_n500_independent-signed_seed8.pcf: ok (3 rows)
[290/300] binary_n500_independent-signed_seed9.pcf: ok (3 rows)
[291/300] binary_n500_near-ties_seed0.pcf: ok (3 rows)
[292/300] binary_n500_near-ties_seed1.pcf: ok (3 rows)
[293/300] binary_n500_near-ties_seed2.pcf: ok (3 rows)
[294/300] binary_n500_near-ties_seed3.pcf: ok (3 rows)
[295/300] binary_n500_near-ties_seed4.pcf: ok (3 rows)
[296/300] binary_n500_near-ties_seed5.pcf: ok (3 rows)
[297/300] binary_n500_near-ties_seed6.pcf: ok (3 rows)
[298/300] binary_n500_near-ties_seed7.pcf: ok (3 rows)
[299/300] binary_n500_near-ties_seed8.pcf: ok (3 rows)
[300/300] binary_n500_near-ties_seed9.pcf: ok (3 rows)
wrote results/raw/campaign_d_binary_pac.csv (900 rows), results/raw/campaign_d_binary_pac.failures.csv (0 censored instances)
=== campaign_d_star pac_subset (n<=2000) ===
[1/300] star_n1000_anti-correlated_seed0.pcf: ok (3 rows)
[2/300] star_n1000_anti-correlated_seed1.pcf: ok (3 rows)
[3/300] star_n1000_anti-correlated_seed2.pcf: ok (3 rows)
[4/300] star_n1000_anti-correlated_seed3.pcf: ok (3 rows)
[5/300] star_n1000_anti-correlated_seed4.pcf: ok (3 rows)
[6/300] star_n1000_anti-correlated_seed5.pcf: ok (3 rows)
[7/300] star_n1000_anti-correlated_seed6.pcf: ok (3 rows)
[8/300] star_n1000_anti-correlated_seed7.pcf: ok (3 rows)
[9/300] star_n1000_anti-correlated_seed8.pcf: ok (3 rows)
[10/300] star_n1000_anti-correlated_seed9.pcf: ok (3 rows)
[11/300] star_n1000_correlated_seed0.pcf: ok (3 rows)
[12/300] star_n1000_correlated_seed1.pcf: ok (3 rows)
[13/300] star_n1000_correlated_seed2.pcf: ok (3 rows)
[14/300] star_n1000_correlated_seed3.pcf: ok (3 rows)
[15/300] star_n1000_correlated_seed4.pcf: ok (3 rows)
[16/300] star_n1000_correlated_seed5.pcf: ok (3 rows)
[17/300] star_n1000_correlated_seed6.pcf: ok (3 rows)
[18/300] star_n1000_correlated_seed7.pcf: ok (3 rows)
[19/300] star_n1000_correlated_seed8.pcf: ok (3 rows)
[20/300] star_n1000_correlated_seed9.pcf: ok (3 rows)
[21/300] star_n1000_exact-ties_seed0.pcf: ok (3 rows)
[22/300] star_n1000_exact-ties_seed1.pcf: ok (3 rows)
[23/300] star_n1000_exact-ties_seed2.pcf: ok (3 rows)
[24/300] star_n1000_exact-ties_seed3.pcf: ok (3 rows)
[25/300] star_n1000_exact-ties_seed4.pcf: ok (3 rows)
[26/300] star_n1000_exact-ties_seed5.pcf: ok (3 rows)
[27/300] star_n1000_exact-ties_seed6.pcf: ok (3 rows)
[28/300] star_n1000_exact-ties_seed7.pcf: ok (3 rows)
[29/300] star_n1000_exact-ties_seed8.pcf: ok (3 rows)
[30/300] star_n1000_exact-ties_seed9.pcf: ok (3 rows)
[31/300] star_n1000_independent-positive_seed0.pcf: ok (3 rows)
[32/300] star_n1000_independent-positive_seed1.pcf: ok (3 rows)
[33/300] star_n1000_independent-positive_seed2.pcf: ok (3 rows)
[34/300] star_n1000_independent-positive_seed3.pcf: ok (3 rows)
[35/300] star_n1000_independent-positive_seed4.pcf: ok (3 rows)
[36/300] star_n1000_independent-positive_seed5.pcf: ok (3 rows)
[37/300] star_n1000_independent-positive_seed6.pcf: ok (3 rows)
[38/300] star_n1000_independent-positive_seed7.pcf: ok (3 rows)
[39/300] star_n1000_independent-positive_seed8.pcf: ok (3 rows)
[40/300] star_n1000_independent-positive_seed9.pcf: ok (3 rows)
[41/300] star_n1000_independent-signed_seed0.pcf: ok (3 rows)
[42/300] star_n1000_independent-signed_seed1.pcf: ok (3 rows)
[43/300] star_n1000_independent-signed_seed2.pcf: ok (3 rows)
[44/300] star_n1000_independent-signed_seed3.pcf: ok (3 rows)
[45/300] star_n1000_independent-signed_seed4.pcf: ok (3 rows)
[46/300] star_n1000_independent-signed_seed5.pcf: ok (3 rows)
[47/300] star_n1000_independent-signed_seed6.pcf: ok (3 rows)
[48/300] star_n1000_independent-signed_seed7.pcf: ok (3 rows)
[49/300] star_n1000_independent-signed_seed8.pcf: ok (3 rows)
[50/300] star_n1000_independent-signed_seed9.pcf: ok (3 rows)
[51/300] star_n1000_near-ties_seed0.pcf: ok (3 rows)
[52/300] star_n1000_near-ties_seed1.pcf: ok (3 rows)
[53/300] star_n1000_near-ties_seed2.pcf: ok (3 rows)
[54/300] star_n1000_near-ties_seed3.pcf: ok (3 rows)
[55/300] star_n1000_near-ties_seed4.pcf: ok (3 rows)
[56/300] star_n1000_near-ties_seed5.pcf: ok (3 rows)
[57/300] star_n1000_near-ties_seed6.pcf: ok (3 rows)
[58/300] star_n1000_near-ties_seed7.pcf: ok (3 rows)
[59/300] star_n1000_near-ties_seed8.pcf: ok (3 rows)
[60/300] star_n1000_near-ties_seed9.pcf: ok (3 rows)
[61/300] star_n100_anti-correlated_seed0.pcf: ok (3 rows)
[62/300] star_n100_anti-correlated_seed1.pcf: ok (3 rows)
[63/300] star_n100_anti-correlated_seed2.pcf: ok (3 rows)
[64/300] star_n100_anti-correlated_seed3.pcf: ok (3 rows)
[65/300] star_n100_anti-correlated_seed4.pcf: ok (3 rows)
[66/300] star_n100_anti-correlated_seed5.pcf: ok (3 rows)
[67/300] star_n100_anti-correlated_seed6.pcf: ok (3 rows)
[68/300] star_n100_anti-correlated_seed7.pcf: ok (3 rows)
[69/300] star_n100_anti-correlated_seed8.pcf: ok (3 rows)
[70/300] star_n100_anti-correlated_seed9.pcf: ok (3 rows)
[71/300] star_n100_correlated_seed0.pcf: ok (3 rows)
[72/300] star_n100_correlated_seed1.pcf: ok (3 rows)
[73/300] star_n100_correlated_seed2.pcf: ok (3 rows)
[74/300] star_n100_correlated_seed3.pcf: ok (3 rows)
[75/300] star_n100_correlated_seed4.pcf: ok (3 rows)
[76/300] star_n100_correlated_seed5.pcf: ok (3 rows)
[77/300] star_n100_correlated_seed6.pcf: ok (3 rows)
[78/300] star_n100_correlated_seed7.pcf: ok (3 rows)
[79/300] star_n100_correlated_seed8.pcf: ok (3 rows)
[80/300] star_n100_correlated_seed9.pcf: ok (3 rows)
[81/300] star_n100_exact-ties_seed0.pcf: ok (3 rows)
[82/300] star_n100_exact-ties_seed1.pcf: ok (3 rows)
[83/300] star_n100_exact-ties_seed2.pcf: ok (3 rows)
[84/300] star_n100_exact-ties_seed3.pcf: ok (3 rows)
[85/300] star_n100_exact-ties_seed4.pcf: ok (3 rows)
[86/300] star_n100_exact-ties_seed5.pcf: ok (3 rows)
[87/300] star_n100_exact-ties_seed6.pcf: ok (3 rows)
[88/300] star_n100_exact-ties_seed7.pcf: ok (3 rows)
[89/300] star_n100_exact-ties_seed8.pcf: ok (3 rows)
[90/300] star_n100_exact-ties_seed9.pcf: ok (3 rows)
[91/300] star_n100_independent-positive_seed0.pcf: ok (3 rows)
[92/300] star_n100_independent-positive_seed1.pcf: ok (3 rows)
[93/300] star_n100_independent-positive_seed2.pcf: ok (3 rows)
[94/300] star_n100_independent-positive_seed3.pcf: ok (3 rows)
[95/300] star_n100_independent-positive_seed4.pcf: ok (3 rows)
[96/300] star_n100_independent-positive_seed5.pcf: ok (3 rows)
[97/300] star_n100_independent-positive_seed6.pcf: ok (3 rows)
[98/300] star_n100_independent-positive_seed7.pcf: ok (3 rows)
[99/300] star_n100_independent-positive_seed8.pcf: ok (3 rows)
[100/300] star_n100_independent-positive_seed9.pcf: ok (3 rows)
[101/300] star_n100_independent-signed_seed0.pcf: ok (3 rows)
[102/300] star_n100_independent-signed_seed1.pcf: ok (3 rows)
[103/300] star_n100_independent-signed_seed2.pcf: ok (3 rows)
[104/300] star_n100_independent-signed_seed3.pcf: ok (3 rows)
[105/300] star_n100_independent-signed_seed4.pcf: ok (3 rows)
[106/300] star_n100_independent-signed_seed5.pcf: ok (3 rows)
[107/300] star_n100_independent-signed_seed6.pcf: ok (3 rows)
[108/300] star_n100_independent-signed_seed7.pcf: ok (3 rows)
[109/300] star_n100_independent-signed_seed8.pcf: ok (3 rows)
[110/300] star_n100_independent-signed_seed9.pcf: ok (3 rows)
[111/300] star_n100_near-ties_seed0.pcf: ok (3 rows)
[112/300] star_n100_near-ties_seed1.pcf: ok (3 rows)
[113/300] star_n100_near-ties_seed2.pcf: ok (3 rows)
[114/300] star_n100_near-ties_seed3.pcf: ok (3 rows)
[115/300] star_n100_near-ties_seed4.pcf: ok (3 rows)
[116/300] star_n100_near-ties_seed5.pcf: ok (3 rows)
[117/300] star_n100_near-ties_seed6.pcf: ok (3 rows)
[118/300] star_n100_near-ties_seed7.pcf: ok (3 rows)
[119/300] star_n100_near-ties_seed8.pcf: ok (3 rows)
[120/300] star_n100_near-ties_seed9.pcf: ok (3 rows)
[121/300] star_n2000_anti-correlated_seed0.pcf: ok (3 rows)
[122/300] star_n2000_anti-correlated_seed1.pcf: ok (3 rows)
[123/300] star_n2000_anti-correlated_seed2.pcf: ok (3 rows)
[124/300] star_n2000_anti-correlated_seed3.pcf: ok (3 rows)
[125/300] star_n2000_anti-correlated_seed4.pcf: ok (3 rows)
[126/300] star_n2000_anti-correlated_seed5.pcf: ok (3 rows)
[127/300] star_n2000_anti-correlated_seed6.pcf: ok (3 rows)
[128/300] star_n2000_anti-correlated_seed7.pcf: ok (3 rows)
[129/300] star_n2000_anti-correlated_seed8.pcf: ok (3 rows)
[130/300] star_n2000_anti-correlated_seed9.pcf: ok (3 rows)
[131/300] star_n2000_correlated_seed0.pcf: ok (3 rows)
[132/300] star_n2000_correlated_seed1.pcf: ok (3 rows)
[133/300] star_n2000_correlated_seed2.pcf: ok (3 rows)
[134/300] star_n2000_correlated_seed3.pcf: ok (3 rows)
[135/300] star_n2000_correlated_seed4.pcf: ok (3 rows)
[136/300] star_n2000_correlated_seed5.pcf: ok (3 rows)
[137/300] star_n2000_correlated_seed6.pcf: ok (3 rows)
[138/300] star_n2000_correlated_seed7.pcf: ok (3 rows)
[139/300] star_n2000_correlated_seed8.pcf: ok (3 rows)
[140/300] star_n2000_correlated_seed9.pcf: ok (3 rows)
[141/300] star_n2000_exact-ties_seed0.pcf: ok (3 rows)
[142/300] star_n2000_exact-ties_seed1.pcf: ok (3 rows)
[143/300] star_n2000_exact-ties_seed2.pcf: ok (3 rows)
[144/300] star_n2000_exact-ties_seed3.pcf: ok (3 rows)
[145/300] star_n2000_exact-ties_seed4.pcf: ok (3 rows)
[146/300] star_n2000_exact-ties_seed5.pcf: ok (3 rows)
[147/300] star_n2000_exact-ties_seed6.pcf: ok (3 rows)
[148/300] star_n2000_exact-ties_seed7.pcf: ok (3 rows)
[149/300] star_n2000_exact-ties_seed8.pcf: ok (3 rows)
[150/300] star_n2000_exact-ties_seed9.pcf: ok (3 rows)
[151/300] star_n2000_independent-positive_seed0.pcf: ok (3 rows)
[152/300] star_n2000_independent-positive_seed1.pcf: ok (3 rows)
[153/300] star_n2000_independent-positive_seed2.pcf: ok (3 rows)
[154/300] star_n2000_independent-positive_seed3.pcf: ok (3 rows)
[155/300] star_n2000_independent-positive_seed4.pcf: ok (3 rows)
[156/300] star_n2000_independent-positive_seed5.pcf: ok (3 rows)
[157/300] star_n2000_independent-positive_seed6.pcf: ok (3 rows)
[158/300] star_n2000_independent-positive_seed7.pcf: ok (3 rows)
[159/300] star_n2000_independent-positive_seed8.pcf: ok (3 rows)
[160/300] star_n2000_independent-positive_seed9.pcf: ok (3 rows)
[161/300] star_n2000_independent-signed_seed0.pcf: ok (3 rows)
[162/300] star_n2000_independent-signed_seed1.pcf: ok (3 rows)
[163/300] star_n2000_independent-signed_seed2.pcf: ok (3 rows)
[164/300] star_n2000_independent-signed_seed3.pcf: ok (3 rows)
[165/300] star_n2000_independent-signed_seed4.pcf: ok (3 rows)
[166/300] star_n2000_independent-signed_seed5.pcf: ok (3 rows)
[167/300] star_n2000_independent-signed_seed6.pcf: ok (3 rows)
[168/300] star_n2000_independent-signed_seed7.pcf: ok (3 rows)
[169/300] star_n2000_independent-signed_seed8.pcf: ok (3 rows)
[170/300] star_n2000_independent-signed_seed9.pcf: ok (3 rows)
[171/300] star_n2000_near-ties_seed0.pcf: ok (3 rows)
[172/300] star_n2000_near-ties_seed1.pcf: ok (3 rows)
[173/300] star_n2000_near-ties_seed2.pcf: ok (3 rows)
[174/300] star_n2000_near-ties_seed3.pcf: ok (3 rows)
[175/300] star_n2000_near-ties_seed4.pcf: ok (3 rows)
[176/300] star_n2000_near-ties_seed5.pcf: ok (3 rows)
[177/300] star_n2000_near-ties_seed6.pcf: ok (3 rows)
[178/300] star_n2000_near-ties_seed7.pcf: ok (3 rows)
[179/300] star_n2000_near-ties_seed8.pcf: ok (3 rows)
[180/300] star_n2000_near-ties_seed9.pcf: ok (3 rows)
[181/300] star_n200_anti-correlated_seed0.pcf: ok (3 rows)
[182/300] star_n200_anti-correlated_seed1.pcf: ok (3 rows)
[183/300] star_n200_anti-correlated_seed2.pcf: ok (3 rows)
[184/300] star_n200_anti-correlated_seed3.pcf: ok (3 rows)
[185/300] star_n200_anti-correlated_seed4.pcf: ok (3 rows)
[186/300] star_n200_anti-correlated_seed5.pcf: ok (3 rows)
[187/300] star_n200_anti-correlated_seed6.pcf: ok (3 rows)
[188/300] star_n200_anti-correlated_seed7.pcf: ok (3 rows)
[189/300] star_n200_anti-correlated_seed8.pcf: ok (3 rows)
[190/300] star_n200_anti-correlated_seed9.pcf: ok (3 rows)
[191/300] star_n200_correlated_seed0.pcf: ok (3 rows)
[192/300] star_n200_correlated_seed1.pcf: ok (3 rows)
[193/300] star_n200_correlated_seed2.pcf: ok (3 rows)
[194/300] star_n200_correlated_seed3.pcf: ok (3 rows)
[195/300] star_n200_correlated_seed4.pcf: ok (3 rows)
[196/300] star_n200_correlated_seed5.pcf: ok (3 rows)
[197/300] star_n200_correlated_seed6.pcf: ok (3 rows)
[198/300] star_n200_correlated_seed7.pcf: ok (3 rows)
[199/300] star_n200_correlated_seed8.pcf: ok (3 rows)
[200/300] star_n200_correlated_seed9.pcf: ok (3 rows)
[201/300] star_n200_exact-ties_seed0.pcf: ok (3 rows)
[202/300] star_n200_exact-ties_seed1.pcf: ok (3 rows)
[203/300] star_n200_exact-ties_seed2.pcf: ok (3 rows)
[204/300] star_n200_exact-ties_seed3.pcf: ok (3 rows)
[205/300] star_n200_exact-ties_seed4.pcf: ok (3 rows)
[206/300] star_n200_exact-ties_seed5.pcf: ok (3 rows)
[207/300] star_n200_exact-ties_seed6.pcf: ok (3 rows)
[208/300] star_n200_exact-ties_seed7.pcf: ok (3 rows)
[209/300] star_n200_exact-ties_seed8.pcf: ok (3 rows)
[210/300] star_n200_exact-ties_seed9.pcf: ok (3 rows)
[211/300] star_n200_independent-positive_seed0.pcf: ok (3 rows)
[212/300] star_n200_independent-positive_seed1.pcf: ok (3 rows)
[213/300] star_n200_independent-positive_seed2.pcf: ok (3 rows)
[214/300] star_n200_independent-positive_seed3.pcf: ok (3 rows)
[215/300] star_n200_independent-positive_seed4.pcf: ok (3 rows)
[216/300] star_n200_independent-positive_seed5.pcf: ok (3 rows)
[217/300] star_n200_independent-positive_seed6.pcf: ok (3 rows)
[218/300] star_n200_independent-positive_seed7.pcf: ok (3 rows)
[219/300] star_n200_independent-positive_seed8.pcf: ok (3 rows)
[220/300] star_n200_independent-positive_seed9.pcf: ok (3 rows)
[221/300] star_n200_independent-signed_seed0.pcf: ok (3 rows)
[222/300] star_n200_independent-signed_seed1.pcf: ok (3 rows)
[223/300] star_n200_independent-signed_seed2.pcf: ok (3 rows)
[224/300] star_n200_independent-signed_seed3.pcf: ok (3 rows)
[225/300] star_n200_independent-signed_seed4.pcf: ok (3 rows)
[226/300] star_n200_independent-signed_seed5.pcf: ok (3 rows)
[227/300] star_n200_independent-signed_seed6.pcf: ok (3 rows)
[228/300] star_n200_independent-signed_seed7.pcf: ok (3 rows)
[229/300] star_n200_independent-signed_seed8.pcf: ok (3 rows)
[230/300] star_n200_independent-signed_seed9.pcf: ok (3 rows)
[231/300] star_n200_near-ties_seed0.pcf: ok (3 rows)
[232/300] star_n200_near-ties_seed1.pcf: ok (3 rows)
[233/300] star_n200_near-ties_seed2.pcf: ok (3 rows)
[234/300] star_n200_near-ties_seed3.pcf: ok (3 rows)
[235/300] star_n200_near-ties_seed4.pcf: ok (3 rows)
[236/300] star_n200_near-ties_seed5.pcf: ok (3 rows)
[237/300] star_n200_near-ties_seed6.pcf: ok (3 rows)
[238/300] star_n200_near-ties_seed7.pcf: ok (3 rows)
[239/300] star_n200_near-ties_seed8.pcf: ok (3 rows)
[240/300] star_n200_near-ties_seed9.pcf: ok (3 rows)
[241/300] star_n500_anti-correlated_seed0.pcf: ok (3 rows)
[242/300] star_n500_anti-correlated_seed1.pcf: ok (3 rows)
[243/300] star_n500_anti-correlated_seed2.pcf: ok (3 rows)
[244/300] star_n500_anti-correlated_seed3.pcf: ok (3 rows)
[245/300] star_n500_anti-correlated_seed4.pcf: ok (3 rows)
[246/300] star_n500_anti-correlated_seed5.pcf: ok (3 rows)
[247/300] star_n500_anti-correlated_seed6.pcf: ok (3 rows)
[248/300] star_n500_anti-correlated_seed7.pcf: ok (3 rows)
[249/300] star_n500_anti-correlated_seed8.pcf: ok (3 rows)
[250/300] star_n500_anti-correlated_seed9.pcf: ok (3 rows)
[251/300] star_n500_correlated_seed0.pcf: ok (3 rows)
[252/300] star_n500_correlated_seed1.pcf: ok (3 rows)
[253/300] star_n500_correlated_seed2.pcf: ok (3 rows)
[254/300] star_n500_correlated_seed3.pcf: ok (3 rows)
[255/300] star_n500_correlated_seed4.pcf: ok (3 rows)
[256/300] star_n500_correlated_seed5.pcf: ok (3 rows)
[257/300] star_n500_correlated_seed6.pcf: ok (3 rows)
[258/300] star_n500_correlated_seed7.pcf: ok (3 rows)
[259/300] star_n500_correlated_seed8.pcf: ok (3 rows)
[260/300] star_n500_correlated_seed9.pcf: ok (3 rows)
[261/300] star_n500_exact-ties_seed0.pcf: ok (3 rows)
[262/300] star_n500_exact-ties_seed1.pcf: ok (3 rows)
[263/300] star_n500_exact-ties_seed2.pcf: ok (3 rows)
[264/300] star_n500_exact-ties_seed3.pcf: ok (3 rows)
[265/300] star_n500_exact-ties_seed4.pcf: ok (3 rows)
[266/300] star_n500_exact-ties_seed5.pcf: ok (3 rows)
[267/300] star_n500_exact-ties_seed6.pcf: ok (3 rows)
[268/300] star_n500_exact-ties_seed7.pcf: ok (3 rows)
[269/300] star_n500_exact-ties_seed8.pcf: ok (3 rows)
[270/300] star_n500_exact-ties_seed9.pcf: ok (3 rows)
[271/300] star_n500_independent-positive_seed0.pcf: ok (3 rows)
[272/300] star_n500_independent-positive_seed1.pcf: ok (3 rows)
[273/300] star_n500_independent-positive_seed2.pcf: ok (3 rows)
[274/300] star_n500_independent-positive_seed3.pcf: ok (3 rows)
[275/300] star_n500_independent-positive_seed4.pcf: ok (3 rows)
[276/300] star_n500_independent-positive_seed5.pcf: ok (3 rows)
[277/300] star_n500_independent-positive_seed6.pcf: ok (3 rows)
[278/300] star_n500_independent-positive_seed7.pcf: ok (3 rows)
[279/300] star_n500_independent-positive_seed8.pcf: ok (3 rows)
[280/300] star_n500_independent-positive_seed9.pcf: ok (3 rows)
[281/300] star_n500_independent-signed_seed0.pcf: ok (3 rows)
[282/300] star_n500_independent-signed_seed1.pcf: ok (3 rows)
[283/300] star_n500_independent-signed_seed2.pcf: ok (3 rows)
[284/300] star_n500_independent-signed_seed3.pcf: ok (3 rows)
[285/300] star_n500_independent-signed_seed4.pcf: ok (3 rows)
[286/300] star_n500_independent-signed_seed5.pcf: ok (3 rows)
[287/300] star_n500_independent-signed_seed6.pcf: ok (3 rows)
[288/300] star_n500_independent-signed_seed7.pcf: ok (3 rows)
[289/300] star_n500_independent-signed_seed8.pcf: ok (3 rows)
[290/300] star_n500_independent-signed_seed9.pcf: ok (3 rows)
[291/300] star_n500_near-ties_seed0.pcf: ok (3 rows)
[292/300] star_n500_near-ties_seed1.pcf: ok (3 rows)
[293/300] star_n500_near-ties_seed2.pcf: ok (3 rows)
[294/300] star_n500_near-ties_seed3.pcf: ok (3 rows)
[295/300] star_n500_near-ties_seed4.pcf: ok (3 rows)
[296/300] star_n500_near-ties_seed5.pcf: ok (3 rows)
[297/300] star_n500_near-ties_seed6.pcf: ok (3 rows)
[298/300] star_n500_near-ties_seed7.pcf: ok (3 rows)
[299/300] star_n500_near-ties_seed8.pcf: ok (3 rows)
[300/300] star_n500_near-ties_seed9.pcf: ok (3 rows)
wrote results/raw/campaign_d_star_pac.csv (900 rows), results/raw/campaign_d_star_pac.failures.csv (0 censored instances)
=== targeted reruns finished at 2026-08-31T09:03:31Z ===
